2026-07-25 13:32:38.552 [info] Telemetry level is off
2026-07-25 13:32:38.552 [info] Experiments are disabled, only manually opted experiments are active.
2026-07-25 13:32:38.552 [warning] Dir "/voc/work/.pixi/envs" is not watchable (directory does not exist)
2026-07-25 13:32:38.552 [info] Starting Environment refresh
2026-07-25 13:32:38.552 [info] Searching for interpreters in posix paths locator
2026-07-25 13:32:38.552 [info] Searching for pyenv environments
2026-07-25 13:32:38.555 [info] Searching for conda environments
2026-07-25 13:32:38.555 [info] Searching for global virtual environments
2026-07-25 13:32:38.555 [info] Searching for custom virtual environments
2026-07-25 13:32:38.555 [info] Skipping ActivatedEnv Detection:  process.env.VSCODE_CLI !== '1'
2026-07-25 13:32:38.555 [info] Skipping ActivatedEnv Detection:  process.env.VSCODE_CLI !== '1'
2026-07-25 13:32:38.555 [info] pyenv is not installed
2026-07-25 13:32:38.555 [info] Finished searching for pyenv environments: 8 milliseconds
2026-07-25 13:32:38.555 [info] Finished searching for custom virtual envs: 9 milliseconds
2026-07-25 13:32:38.555 [info] > conda info --json
2026-07-25 13:32:38.555 [info] > hatch env show --json
2026-07-25 13:32:38.555 [info] cwd: .
2026-07-25 13:32:38.555 [info] > pyenv which python
2026-07-25 13:32:38.555 [info] cwd: .
2026-07-25 13:32:38.555 [info] Finished searching for global virtual envs: 20 milliseconds
2026-07-25 13:32:38.555 [info] Found: /bin/python --> /bin/python3.10
2026-07-25 13:32:38.555 [info] Found: /bin/python3 --> /bin/python3.10
2026-07-25 13:32:38.555 [info] Found: /bin/python3.10 --> /bin/python3.10
2026-07-25 13:32:38.555 [info] Found: /bin/python3.8 --> /bin/python3.8
2026-07-25 13:32:38.564 [info] Found: /usr/bin/python --> /usr/bin/python3.10
2026-07-25 13:32:38.565 [info] Found: /usr/bin/python3 --> /usr/bin/python3.10
2026-07-25 13:32:38.567 [info] Found: /usr/bin/python3.10 --> /usr/bin/python3.10
2026-07-25 13:32:38.568 [info] Found: /usr/bin/python3.8 --> /usr/bin/python3.8
2026-07-25 13:32:38.588 [info] > /bin/python -I /usr/local/lib/code-server-4.103.2/lib/vscode/extensions/ms-python.python-2025.12.0/python_files/get_output_via_markers.py /usr/local/lib/code-server-4.103.2/lib/vscode/extensions/ms-python.python-2025.12.0/python_files/interpreterInfo.py
2026-07-25 13:32:38.597 [info] > /bin/python3.8 -I /usr/local/lib/code-server-4.103.2/lib/vscode/extensions/ms-python.python-2025.12.0/python_files/get_output_via_markers.py /usr/local/lib/code-server-4.103.2/lib/vscode/extensions/ms-python.python-2025.12.0/python_files/interpreterInfo.py
2026-07-25 13:32:38.601 [info] Finished searching for interpreters in posix paths locator: 84 milliseconds
2026-07-25 13:32:38.605 [info] Environments refresh paths discovered (event): 88 milliseconds
2026-07-25 13:32:38.605 [info] Environments refresh paths discovered: 88 milliseconds
2026-07-25 13:32:38.614 [info] > /usr/bin/python -I /usr/local/lib/code-server-4.103.2/lib/vscode/extensions/ms-python.python-2025.12.0/python_files/get_output_via_markers.py /usr/local/lib/code-server-4.103.2/lib/vscode/extensions/ms-python.python-2025.12.0/python_files/interpreterInfo.py
2026-07-25 13:32:38.620 [info] > /usr/bin/python3.8 -I /usr/local/lib/code-server-4.103.2/lib/vscode/extensions/ms-python.python-2025.12.0/python_files/get_output_via_markers.py /usr/local/lib/code-server-4.103.2/lib/vscode/extensions/ms-python.python-2025.12.0/python_files/interpreterInfo.py
2026-07-25 13:32:38.640 [info] Environments refresh finished (event): 123 milliseconds
2026-07-25 13:32:38.647 [info] Environment refresh took 130 milliseconds
2026-07-25 13:32:38.649 [info] Python interpreter path: /bin/python
2026-07-25 13:32:40.322 [info] Starting Jedi language server for work.
2026-07-25 13:32:42.226 [info] Discover tests for workspace name: work - uri: /voc/work/.local/share/code-server/User/settings.json
2026-07-25 16:25:19.472 [info] Discover tests for workspace name: work - uri: /voc/work/knowledgeBase_HandsOn/IITM_Agentic_Ai/practice_examples/week01/hello_llm.py
2026-07-25 16:25:32.383 [info] Discover tests for workspace name: work - uri: /voc/work/knowledgeBase_HandsOn/IITM_Agentic_Ai/practice_examples/week01/hello_llm.py
2026-07-25 16:25:40.755 [info] Discover tests for workspace name: work - uri: /voc/work/knowledgeBase_HandsOn/IITM_Agentic_Ai/practice_examples/week01/hello_llm.py
2026-07-25 16:25:43.662 [info] Discover tests for workspace name: work - uri: /voc/work/knowledgeBase_HandsOn/IITM_Agentic_Ai/practice_examples/week01/hello_llm.py
2026-07-25 16:25:46.892 [info] Discover tests for workspace name: work - uri: /voc/work/knowledgeBase_HandsOn/IITM_Agentic_Ai/practice_examples/week01/hello_llm.py
2026-07-25 16:25:56.575 [info] Discover tests for workspace name: work - uri: /voc/work/knowledgeBase_HandsOn/IITM_Agentic_Ai/practice_examples/week01/hello_llm.py
2026-07-25 16:26:00.905 [info] Discover tests for workspace name: work - uri: /voc/work/knowledgeBase_HandsOn/IITM_Agentic_Ai/practice_examples/week01/hello_llm.py
2026-07-25 16:26:31.413 [info] Discover tests for workspace name: work - uri: /voc/work/knowledgeBase_HandsOn/IITM_Agentic_Ai/practice_examples/week01/hello_llm.py
2026-07-25 16:26:39.372 [info] Discover tests for workspace name: work - uri: /voc/work/knowledgeBase_HandsOn/IITM_Agentic_Ai/practice_examples/week01/hello_llm.py
2026-07-25 16:26:44.529 [info] Discover tests for workspace name: work - uri: /voc/work/knowledgeBase_HandsOn/IITM_Agentic_Ai/practice_examples/week01/hello_llm.py
2026-07-25 16:26:55.019 [info] Discover tests for workspace name: work - uri: /voc/work/knowledgeBase_HandsOn/IITM_Agentic_Ai/practice_examples/week01/hello_llm.py
2026-07-25 16:26:56.131 [info] Discover tests for workspace name: work - uri: /voc/work/knowledgeBase_HandsOn/IITM_Agentic_Ai/practice_examples/week01/hello_llm.py
2026-07-25 16:37:45.507 [info] Discover tests for workspace name: work - uri: /voc/work/knowledgeBase_HandsOn/IITM_Agentic_Ai/practice_examples/week01/hello_llm.py
2026-07-25 16:37:56.488 [info] Discover tests for workspace name: work - uri: /voc/work/knowledgeBase_HandsOn/IITM_Agentic_Ai/practice_examples/week01/hello_llm.py
2026-07-25 16:38:00.150 [info] Discover tests for workspace name: work - uri: /voc/work/knowledgeBase_HandsOn/IITM_Agentic_Ai/practice_examples/week01/hello_llm.py
2026-07-25 16:38:11.274 [info] Discover tests for workspace name: work - uri: /voc/work/knowledgeBase_HandsOn/IITM_Agentic_Ai/practice_examples/week01/hello_llm.py
2026-07-25 16:38:15.555 [info] Discover tests for workspace name: work - uri: /voc/work/knowledgeBase_HandsOn/IITM_Agentic_Ai/practice_examples/week01/hello_llm.py
2026-07-25 16:38:25.005 [info] Discover tests for workspace name: work - uri: /voc/work/knowledgeBase_HandsOn/IITM_Agentic_Ai/practice_examples/week01/hello_llm.py
2026-07-25 16:38:33.766 [info] Discover tests for workspace name: work - uri: /voc/work/knowledgeBase_HandsOn/IITM_Agentic_Ai/practice_examples/week01/hello_llm.py
2026-07-25 16:38:36.310 [info] Discover tests for workspace name: work - uri: /voc/work/knowledgeBase_HandsOn/IITM_Agentic_Ai/practice_examples/week01/hello_llm.py
2026-07-25 16:38:42.249 [info] Discover tests for workspace name: work - uri: /voc/work/knowledgeBase_HandsOn/IITM_Agentic_Ai/practice_examples/week01/hello_llm.py
2026-07-25 16:38:44.862 [info] Discover tests for workspace name: work - uri: /voc/work/knowledgeBase_HandsOn/IITM_Agentic_Ai/practice_examples/week01/hello_llm.py
2026-07-25 16:38:46.966 [info] Discover tests for workspace name: work - uri: /voc/work/knowledgeBase_HandsOn/IITM_Agentic_Ai/practice_examples/week01/hello_llm.py
2026-07-25 16:38:48.301 [info] Discover tests for workspace name: work - uri: /voc/work/knowledgeBase_HandsOn/IITM_Agentic_Ai/practice_examples/week01/hello_llm.py
2026-07-25 16:38:54.335 [info] Discover tests for workspace name: work - uri: /voc/work/knowledgeBase_HandsOn/IITM_Agentic_Ai/practice_examples/week01/hello_llm.py
2026-07-25 16:39:05.910 [info] Discover tests for workspace name: work - uri: /voc/work/knowledgeBase_HandsOn/IITM_Agentic_Ai/practice_examples/week01/hello_llm.py
2026-07-25 16:39:29.897 [info] Discover tests for workspace name: work - uri: /voc/work/knowledgeBase_HandsOn/IITM_Agentic_Ai/practice_examples/week01/hello_llm.py
2026-07-25 16:39:53.052 [info] Discover tests for workspace name: work - uri: /voc/work/knowledgeBase_HandsOn/IITM_Agentic_Ai/practice_examples/week01/hello_llm.py
2026-07-25 16:39:55.049 [info] Discover tests for workspace name: work - uri: /voc/work/knowledgeBase_HandsOn/IITM_Agentic_Ai/practice_examples/week01/hello_llm.py
2026-07-25 16:39:57.932 [info] Discover tests for workspace name: work - uri: /voc/work/knowledgeBase_HandsOn/IITM_Agentic_Ai/practice_examples/week01/hello_llm.py
2026-07-25 16:40:12.869 [info] Discover tests for workspace name: work - uri: /voc/work/knowledgeBase_HandsOn/IITM_Agentic_Ai/practice_examples/week01/hello_llm.py
2026-07-25 16:40:27.311 [info] Discover tests for workspace name: work - uri: /voc/work/knowledgeBase_HandsOn/IITM_Agentic_Ai/practice_examples/week01/hello_llm.py
2026-07-25 16:40:30.161 [info] Discover tests for workspace name: work - uri: /voc/work/knowledgeBase_HandsOn/IITM_Agentic_Ai/practice_examples/week01/hello_llm.py
2026-07-25 16:40:31.585 [info] Discover tests for workspace name: work - uri: /voc/work/knowledgeBase_HandsOn/IITM_Agentic_Ai/practice_examples/week01/hello_llm.py
2026-07-25 16:40:38.849 [info] Discover tests for workspace name: work - uri: /voc/work/knowledgeBase_HandsOn/IITM_Agentic_Ai/practice_examples/week01/hello_llm.py
2026-07-25 16:40:48.670 [info] Discover tests for workspace name: work - uri: /voc/work/knowledgeBase_HandsOn/IITM_Agentic_Ai/practice_examples/week01/hello_llm.py
2026-07-25 16:41:01.531 [info] Discover tests for workspace name: work - uri: /voc/work/knowledgeBase_HandsOn/IITM_Agentic_Ai/practice_examples/week01/hello_llm.py
2026-07-25 16:41:03.269 [info] Discover tests for workspace name: work - uri: /voc/work/knowledgeBase_HandsOn/IITM_Agentic_Ai/practice_examples/week01/hello_llm.py
2026-07-25 16:41:07.160 [info] Discover tests for workspace name: work - uri: /voc/work/knowledgeBase_HandsOn/IITM_Agentic_Ai/practice_examples/week01/hello_llm.py
2026-07-25 16:41:12.929 [info] Discover tests for workspace name: work - uri: /voc/work/knowledgeBase_HandsOn/IITM_Agentic_Ai/practice_examples/week01/hello_llm.py
2026-07-25 16:42:19.854 [info] Discover tests for workspace name: work - uri: /voc/work/knowledgeBase_HandsOn/IITM_Agentic_Ai/practice_examples/week01/hello_llm.py
2026-07-25 16:42:21.062 [info] Discover tests for workspace name: work - uri: /voc/work/knowledgeBase_HandsOn/IITM_Agentic_Ai/practice_examples/week01/hello_llm.py
2026-07-25 16:43:39.425 [info] Discover tests for workspace name: work - uri: /voc/work/knowledgeBase_HandsOn/IITM_Agentic_Ai/practice_examples/week01/hello_llm.py
2026-07-25 16:44:57.782 [info] Discover tests for workspace name: work - uri: /voc/work/knowledgeBase_HandsOn/IITM_Agentic_Ai/practice_examples/week01/hello_llm.py
2026-07-25 16:45:00.363 [info] Discover tests for workspace name: work - uri: /voc/work/knowledgeBase_HandsOn/IITM_Agentic_Ai/practice_examples/week01/hello_llm.py
2026-07-25 16:45:07.247 [info] Discover tests for workspace name: work - uri: /voc/work/knowledgeBase_HandsOn/IITM_Agentic_Ai/practice_examples/week01/hello_llm.py
2026-07-25 16:45:09.270 [info] Discover tests for workspace name: work - uri: /voc/work/knowledgeBase_HandsOn/IITM_Agentic_Ai/practice_examples/week01/hello_llm.py
2026-07-25 16:45:11.648 [info] Discover tests for workspace name: work - uri: /voc/work/knowledgeBase_HandsOn/IITM_Agentic_Ai/practice_examples/week01/hello_llm.py
2026-07-25 16:54:12.264 [info] Discover tests for workspace name: work - uri: /voc/work/knowledgeBase_HandsOn/IITM_Agentic_Ai/practice_examples/week01/hello_llm.py
