2026-07-25 18:23:56.675 [info] [main] Log level: Info
2026-07-25 18:23:56.675 [info] [main] Validating found git in: "git"
2026-07-25 18:23:56.675 [info] [main] Using git "2.25.1" from "git"
2026-07-25 18:23:56.675 [info] [Model][doInitialScan] Initial repository scan started
2026-07-25 18:23:56.679 [info] > git rev-parse --show-toplevel [14ms]
2026-07-25 18:23:56.679 [info] > git rev-parse --git-dir --git-common-dir --show-superproject-working-tree [7ms]
2026-07-25 18:23:56.679 [info] [Model][openRepository] Opened repository (path): /voc/work
2026-07-25 18:23:56.679 [info] [Model][openRepository] Opened repository (real path): /voc/work
2026-07-25 18:23:56.679 [info] [Model][openRepository] Opened repository (kind): repository
2026-07-25 18:23:56.679 [info] > git rev-parse --show-toplevel [10ms]
2026-07-25 18:23:56.679 [info] > git config --get commit.template [8ms]
2026-07-25 18:23:56.679 [info] > git rev-parse --show-toplevel [9ms]
2026-07-25 18:23:56.679 [info] > git rev-parse --show-toplevel [10ms]
2026-07-25 18:23:56.679 [info] > git rev-parse --show-toplevel [11ms]
2026-07-25 18:23:56.679 [info] > git for-each-ref --format=%(refname)%00%(upstream:short)%00%(objectname)%00%(upstream:track)%00%(upstream:remotename)%00%(upstream:remoteref) refs/heads/main refs/remotes/main [44ms]
2026-07-25 18:23:56.679 [info] > git rev-parse --show-toplevel [8ms]
2026-07-25 18:23:56.679 [info] > git rev-parse --show-toplevel [9ms]
2026-07-25 18:23:56.679 [info] > git for-each-ref --sort -committerdate --format %(refname)%00%(objectname)%00%(*objectname) [19ms]
2026-07-25 18:23:56.679 [info] > git rev-parse --show-toplevel [8ms]
2026-07-25 18:23:56.679 [info] > git rev-parse --show-toplevel [7ms]
2026-07-25 18:23:56.679 [info] > git rev-parse --show-toplevel [11ms]
2026-07-25 18:23:56.679 [info] > git rev-parse --show-toplevel [6ms]
2026-07-25 18:23:56.679 [info] > git rev-parse --show-toplevel [5ms]
2026-07-25 18:23:56.679 [info] > git rev-parse --show-toplevel [6ms]
2026-07-25 18:23:56.679 [info] [Model][doInitialScan] Initial repository scan completed - repositories (1), closed repositories (0), parent repositories (0), unsafe repositories (0)
2026-07-25 18:23:56.679 [info] > git status -z -uall [404ms]
2026-07-25 18:23:56.679 [info] > git config --get commit.template [8ms]
2026-07-25 18:23:56.679 [info] > git for-each-ref --format=%(refname)%00%(upstream:short)%00%(objectname)%00%(upstream:track)%00%(upstream:remotename)%00%(upstream:remoteref) refs/heads/main refs/remotes/main [19ms]
2026-07-25 18:23:56.679 [info] > git config --get --local branch.main.vscode-merge-base [5ms]
2026-07-25 18:23:56.679 [warning] [Git][config] git config failed: Failed to execute git
2026-07-25 18:23:56.679 [info] > git for-each-ref --format=%(refname)%00%(upstream:short)%00%(objectname)%00%(upstream:track)%00%(upstream:remotename)%00%(upstream:remoteref) refs/heads/main refs/remotes/main [19ms]
2026-07-25 18:23:56.679 [info] > git for-each-ref --sort -committerdate --format %(refname)%00%(objectname)%00%(*objectname) [18ms]
2026-07-25 18:23:56.679 [info] > git reflog main --grep-reflog=branch: Created from *. [44ms]
2026-07-25 18:23:56.679 [info] > git symbolic-ref --short refs/remotes/origin/HEAD [9ms]
2026-07-25 18:23:56.679 [info] fatal: ref refs/remotes/origin/HEAD is not a symbolic ref
2026-07-25 18:23:56.679 [warning] [Repository][getDefaultBranch] Failed to get default branch details: Failed to execute git.
2026-07-25 18:23:56.679 [info] > git merge-base refs/heads/main refs/remotes/origin/main [14ms]
2026-07-25 18:23:56.679 [info] > git diff --name-status -z --diff-filter=ADMR 7af3d14ccf384cf300526ff0030912ed49436227...refs/remotes/origin/main [18ms]
2026-07-25 18:23:56.679 [info] > git status -z -uall [98ms]
2026-07-25 18:23:58.118 [info] > git check-ignore -v -z --stdin [8ms]
2026-07-25 18:23:59.636 [info] > git check-ignore -v -z --stdin [11ms]
2026-07-25 18:24:01.637 [info] > git check-ignore -v -z --stdin [12ms]
2026-07-25 18:24:14.770 [info] > git config --get commit.template [6ms]
2026-07-25 18:24:14.784 [info] > git for-each-ref --format=%(refname)%00%(upstream:short)%00%(objectname)%00%(upstream:track)%00%(upstream:remotename)%00%(upstream:remoteref) refs/heads/main refs/remotes/main [17ms]
2026-07-25 18:24:14.807 [info] > git for-each-ref --sort -committerdate --format %(refname)%00%(objectname)%00%(*objectname) [18ms]
2026-07-25 18:24:15.121 [info] > git status -z -uall [333ms]
2026-07-25 18:24:20.134 [info] > git config --get commit.template [6ms]
2026-07-25 18:24:20.147 [info] > git for-each-ref --format=%(refname)%00%(upstream:short)%00%(objectname)%00%(upstream:track)%00%(upstream:remotename)%00%(upstream:remoteref) refs/heads/main refs/remotes/main [16ms]
2026-07-25 18:24:20.168 [info] > git for-each-ref --sort -committerdate --format %(refname)%00%(objectname)%00%(*objectname) [15ms]
2026-07-25 18:24:20.243 [info] > git status -z -uall [92ms]
2026-07-25 18:24:25.255 [info] > git config --get commit.template [6ms]
2026-07-25 18:24:25.267 [info] > git for-each-ref --format=%(refname)%00%(upstream:short)%00%(objectname)%00%(upstream:track)%00%(upstream:remotename)%00%(upstream:remoteref) refs/heads/main refs/remotes/main [15ms]
2026-07-25 18:24:25.285 [info] > git for-each-ref --sort -committerdate --format %(refname)%00%(objectname)%00%(*objectname) [13ms]
2026-07-25 18:24:25.361 [info] > git status -z -uall [91ms]
2026-07-25 18:24:30.373 [info] > git config --get commit.template [6ms]
2026-07-25 18:24:30.388 [info] > git for-each-ref --format=%(refname)%00%(upstream:short)%00%(objectname)%00%(upstream:track)%00%(upstream:remotename)%00%(upstream:remoteref) refs/heads/main refs/remotes/main [18ms]
2026-07-25 18:24:30.406 [info] > git for-each-ref --sort -committerdate --format %(refname)%00%(objectname)%00%(*objectname) [13ms]
2026-07-25 18:24:30.678 [info] > git status -z -uall [287ms]
2026-07-25 18:24:33.866 [info] > git config --get commit.template [6ms]
2026-07-25 18:24:33.882 [info] > git for-each-ref --format=%(refname)%00%(upstream:short)%00%(objectname)%00%(upstream:track)%00%(upstream:remotename)%00%(upstream:remoteref) refs/heads/main refs/remotes/main [19ms]
2026-07-25 18:24:33.902 [info] > git for-each-ref --sort -committerdate --format %(refname)%00%(objectname)%00%(*objectname) [13ms]
2026-07-25 18:24:34.104 [info] > git status -z -uall [218ms]
2026-07-25 18:24:35.690 [info] > git config --get commit.template [5ms]
2026-07-25 18:24:35.704 [info] > git for-each-ref --format=%(refname)%00%(upstream:short)%00%(objectname)%00%(upstream:track)%00%(upstream:remotename)%00%(upstream:remoteref) refs/heads/main refs/remotes/main [16ms]
2026-07-25 18:24:35.726 [info] > git for-each-ref --sort -committerdate --format %(refname)%00%(objectname)%00%(*objectname) [16ms]
2026-07-25 18:24:35.840 [info] > git status -z -uall [132ms]
2026-07-25 18:24:40.852 [info] > git config --get commit.template [6ms]
2026-07-25 18:24:40.865 [info] > git for-each-ref --format=%(refname)%00%(upstream:short)%00%(objectname)%00%(upstream:track)%00%(upstream:remotename)%00%(upstream:remoteref) refs/heads/main refs/remotes/main [16ms]
2026-07-25 18:24:40.886 [info] > git for-each-ref --sort -committerdate --format %(refname)%00%(objectname)%00%(*objectname) [15ms]
2026-07-25 18:24:41.049 [info] > git status -z -uall [180ms]
2026-07-25 18:24:46.063 [info] > git config --get commit.template [6ms]
2026-07-25 18:24:46.077 [info] > git for-each-ref --format=%(refname)%00%(upstream:short)%00%(objectname)%00%(upstream:track)%00%(upstream:remotename)%00%(upstream:remoteref) refs/heads/main refs/remotes/main [17ms]
2026-07-25 18:24:46.098 [info] > git for-each-ref --sort -committerdate --format %(refname)%00%(objectname)%00%(*objectname) [14ms]
2026-07-25 18:24:46.263 [info] > git status -z -uall [181ms]
2026-07-25 18:24:51.275 [info] > git config --get commit.template [5ms]
2026-07-25 18:24:51.288 [info] > git for-each-ref --format=%(refname)%00%(upstream:short)%00%(objectname)%00%(upstream:track)%00%(upstream:remotename)%00%(upstream:remoteref) refs/heads/main refs/remotes/main [15ms]
2026-07-25 18:24:51.307 [info] > git for-each-ref --sort -committerdate --format %(refname)%00%(objectname)%00%(*objectname) [13ms]
2026-07-25 18:24:51.427 [info] > git status -z -uall [135ms]
2026-07-25 18:24:56.439 [info] > git config --get commit.template [6ms]
2026-07-25 18:24:56.452 [info] > git for-each-ref --format=%(refname)%00%(upstream:short)%00%(objectname)%00%(upstream:track)%00%(upstream:remotename)%00%(upstream:remoteref) refs/heads/main refs/remotes/main [16ms]
2026-07-25 18:24:56.470 [info] > git for-each-ref --sort -committerdate --format %(refname)%00%(objectname)%00%(*objectname) [13ms]
2026-07-25 18:24:56.833 [info] > git status -z -uall [378ms]
2026-07-25 18:25:01.844 [info] > git config --get commit.template [5ms]
2026-07-25 18:25:01.857 [info] > git for-each-ref --format=%(refname)%00%(upstream:short)%00%(objectname)%00%(upstream:track)%00%(upstream:remotename)%00%(upstream:remoteref) refs/heads/main refs/remotes/main [15ms]
2026-07-25 18:25:01.877 [info] > git for-each-ref --sort -committerdate --format %(refname)%00%(objectname)%00%(*objectname) [13ms]
2026-07-25 18:25:02.002 [info] > git status -z -uall [140ms]
2026-07-25 18:25:03.937 [info] > git config --get commit.template [5ms]
2026-07-25 18:25:03.968 [info] > git for-each-ref --format=%(refname)%00%(upstream:short)%00%(objectname)%00%(upstream:track)%00%(upstream:remotename)%00%(upstream:remoteref) refs/heads/main refs/remotes/main [32ms]
2026-07-25 18:25:03.992 [info] > git for-each-ref --sort -committerdate --format %(refname)%00%(objectname)%00%(*objectname) [16ms]
2026-07-25 18:25:04.054 [info] > git status -z -uall [79ms]
2026-07-25 18:25:04.076 [info] > git merge-base refs/heads/main refs/remotes/origin/main [15ms]
2026-07-25 18:25:04.094 [info] > git diff --name-status -z --diff-filter=ADMR 7af3d14ccf384cf300526ff0030912ed49436227...refs/remotes/origin/main [13ms]
2026-07-25 18:25:07.013 [info] > git config --get commit.template [5ms]
2026-07-25 18:25:07.036 [info] > git for-each-ref --format=%(refname)%00%(upstream:short)%00%(objectname)%00%(upstream:track)%00%(upstream:remotename)%00%(upstream:remoteref) refs/heads/main refs/remotes/main [24ms]
2026-07-25 18:25:07.057 [info] > git for-each-ref --sort -committerdate --format %(refname)%00%(objectname)%00%(*objectname) [15ms]
2026-07-25 18:25:07.134 [info] > git status -z -uall [94ms]
2026-07-25 18:25:12.148 [info] > git config --get commit.template [7ms]
2026-07-25 18:25:12.173 [info] > git for-each-ref --format=%(refname)%00%(upstream:short)%00%(objectname)%00%(upstream:track)%00%(upstream:remotename)%00%(upstream:remoteref) refs/heads/main refs/remotes/main [28ms]
2026-07-25 18:25:12.200 [info] > git for-each-ref --sort -committerdate --format %(refname)%00%(objectname)%00%(*objectname) [19ms]
2026-07-25 18:25:12.285 [info] > git status -z -uall [107ms]
2026-07-25 18:25:17.296 [info] > git config --get commit.template [5ms]
2026-07-25 18:25:17.318 [info] > git for-each-ref --format=%(refname)%00%(upstream:short)%00%(objectname)%00%(upstream:track)%00%(upstream:remotename)%00%(upstream:remoteref) refs/heads/main refs/remotes/main [23ms]
2026-07-25 18:25:17.339 [info] > git for-each-ref --sort -committerdate --format %(refname)%00%(objectname)%00%(*objectname) [14ms]
2026-07-25 18:25:17.414 [info] > git status -z -uall [91ms]
2026-07-25 18:25:30.265 [info] > git config --get commit.template [6ms]
2026-07-25 18:25:30.289 [info] > git for-each-ref --format=%(refname)%00%(upstream:short)%00%(objectname)%00%(upstream:track)%00%(upstream:remotename)%00%(upstream:remoteref) refs/heads/main refs/remotes/main [27ms]
2026-07-25 18:25:30.308 [info] > git for-each-ref --sort -committerdate --format %(refname)%00%(objectname)%00%(*objectname) [14ms]
2026-07-25 18:25:30.420 [info] > git status -z -uall [128ms]
2026-07-25 18:25:34.162 [info] > git config --get commit.template [7ms]
2026-07-25 18:25:34.180 [info] > git for-each-ref --format=%(refname)%00%(upstream:short)%00%(objectname)%00%(upstream:track)%00%(upstream:remotename)%00%(upstream:remoteref) refs/heads/main refs/remotes/main [20ms]
2026-07-25 18:25:34.205 [info] > git for-each-ref --sort -committerdate --format %(refname)%00%(objectname)%00%(*objectname) [17ms]
2026-07-25 18:25:34.273 [info] > git status -z -uall [87ms]
2026-07-25 18:25:34.294 [info] > git merge-base refs/heads/main refs/remotes/origin/main [16ms]
2026-07-25 18:25:34.314 [info] > git diff --name-status -z --diff-filter=ADMR 3bc2939b42a49b02cadb28ba53269eb2db0cb71f...refs/remotes/origin/main [16ms]
2026-07-25 18:25:35.432 [info] > git config --get commit.template [6ms]
2026-07-25 18:25:35.448 [info] > git for-each-ref --format=%(refname)%00%(upstream:short)%00%(objectname)%00%(upstream:track)%00%(upstream:remotename)%00%(upstream:remoteref) refs/heads/main refs/remotes/main [19ms]
2026-07-25 18:25:35.471 [info] > git for-each-ref --sort -committerdate --format %(refname)%00%(objectname)%00%(*objectname) [16ms]
2026-07-25 18:25:35.535 [info] > git status -z -uall [83ms]
2026-07-25 18:26:11.503 [info] > git config --get commit.template [8ms]
2026-07-25 18:26:11.521 [info] > git for-each-ref --format=%(refname)%00%(upstream:short)%00%(objectname)%00%(upstream:track)%00%(upstream:remotename)%00%(upstream:remoteref) refs/heads/main refs/remotes/main [22ms]
2026-07-25 18:26:11.543 [info] > git for-each-ref --sort -committerdate --format %(refname)%00%(objectname)%00%(*objectname) [16ms]
2026-07-25 18:26:11.876 [info] > git status -z -uall [351ms]
2026-07-25 18:26:16.889 [info] > git config --get commit.template [7ms]
2026-07-25 18:26:16.907 [info] > git for-each-ref --format=%(refname)%00%(upstream:short)%00%(objectname)%00%(upstream:track)%00%(upstream:remotename)%00%(upstream:remoteref) refs/heads/main refs/remotes/main [21ms]
2026-07-25 18:26:16.934 [info] > git for-each-ref --sort -committerdate --format %(refname)%00%(objectname)%00%(*objectname) [18ms]
2026-07-25 18:26:17.006 [info] > git status -z -uall [94ms]
2026-07-25 18:26:18.927 [info] > git check-ignore -v -z --stdin [10ms]
2026-07-25 18:26:22.019 [info] > git config --get commit.template [6ms]
2026-07-25 18:26:22.036 [info] > git for-each-ref --format=%(refname)%00%(upstream:short)%00%(objectname)%00%(upstream:track)%00%(upstream:remotename)%00%(upstream:remoteref) refs/heads/main refs/remotes/main [19ms]
2026-07-25 18:26:22.058 [info] > git for-each-ref --sort -committerdate --format %(refname)%00%(objectname)%00%(*objectname) [16ms]
2026-07-25 18:26:22.188 [info] > git ls-files --stage -- Knowledge_Hands_on/src/pipeline/pipeline.py [10ms]
2026-07-25 18:26:22.198 [info] > git show --textconv :Knowledge_Hands_on/src/pipeline/pipeline.py [22ms]
2026-07-25 18:26:22.205 [info] > git cat-file -s f0db41181560b9a02ada58c0945d8ce86fd79aba [14ms]
2026-07-25 18:26:22.224 [info] > git status -z -uall [184ms]
2026-07-25 18:26:42.323 [info] > git config --get commit.template [6ms]
2026-07-25 18:26:42.345 [info] > git for-each-ref --format=%(refname)%00%(upstream:short)%00%(objectname)%00%(upstream:track)%00%(upstream:remotename)%00%(upstream:remoteref) refs/heads/main refs/remotes/main [25ms]
2026-07-25 18:26:42.370 [info] > git for-each-ref --sort -committerdate --format %(refname)%00%(objectname)%00%(*objectname) [16ms]
2026-07-25 18:26:42.442 [info] > git status -z -uall [92ms]
2026-07-25 18:26:47.454 [info] > git config --get commit.template [6ms]
2026-07-25 18:26:47.470 [info] > git for-each-ref --format=%(refname)%00%(upstream:short)%00%(objectname)%00%(upstream:track)%00%(upstream:remotename)%00%(upstream:remoteref) refs/heads/main refs/remotes/main [19ms]
2026-07-25 18:26:47.492 [info] > git for-each-ref --sort -committerdate --format %(refname)%00%(objectname)%00%(*objectname) [16ms]
2026-07-25 18:26:47.573 [info] > git status -z -uall [99ms]
2026-07-25 18:26:52.586 [info] > git config --get commit.template [6ms]
2026-07-25 18:26:52.602 [info] > git for-each-ref --format=%(refname)%00%(upstream:short)%00%(objectname)%00%(upstream:track)%00%(upstream:remotename)%00%(upstream:remoteref) refs/heads/main refs/remotes/main [19ms]
2026-07-25 18:26:52.625 [info] > git for-each-ref --sort -committerdate --format %(refname)%00%(objectname)%00%(*objectname) [17ms]
2026-07-25 18:26:52.700 [info] > git status -z -uall [94ms]
2026-07-25 18:26:57.713 [info] > git config --get commit.template [7ms]
2026-07-25 18:26:57.729 [info] > git for-each-ref --format=%(refname)%00%(upstream:short)%00%(objectname)%00%(upstream:track)%00%(upstream:remotename)%00%(upstream:remoteref) refs/heads/main refs/remotes/main [19ms]
2026-07-25 18:26:57.751 [info] > git for-each-ref --sort -committerdate --format %(refname)%00%(objectname)%00%(*objectname) [16ms]
2026-07-25 18:26:57.826 [info] > git status -z -uall [93ms]
2026-07-25 18:26:59.305 [info] > git ls-files --stage -- Knowledge_Hands_on/src/pipeline/settings.py [9ms]
2026-07-25 18:26:59.316 [info] > git show --textconv :Knowledge_Hands_on/src/pipeline/settings.py [22ms]
2026-07-25 18:26:59.321 [info] > git cat-file -s 41bd068e5b1470d74ee24a9e1e021d07b00184dc [14ms]
2026-07-25 18:27:02.839 [info] > git config --get commit.template [6ms]
2026-07-25 18:27:02.855 [info] > git for-each-ref --format=%(refname)%00%(upstream:short)%00%(objectname)%00%(upstream:track)%00%(upstream:remotename)%00%(upstream:remoteref) refs/heads/main refs/remotes/main [19ms]
2026-07-25 18:27:02.877 [info] > git for-each-ref --sort -committerdate --format %(refname)%00%(objectname)%00%(*objectname) [15ms]
2026-07-25 18:27:02.953 [info] > git status -z -uall [94ms]
2026-07-25 18:27:07.966 [info] > git config --get commit.template [7ms]
2026-07-25 18:27:07.982 [info] > git for-each-ref --format=%(refname)%00%(upstream:short)%00%(objectname)%00%(upstream:track)%00%(upstream:remotename)%00%(upstream:remoteref) refs/heads/main refs/remotes/main [19ms]
2026-07-25 18:27:08.004 [info] > git for-each-ref --sort -committerdate --format %(refname)%00%(objectname)%00%(*objectname) [16ms]
2026-07-25 18:27:08.082 [info] > git status -z -uall [96ms]
2026-07-25 18:27:12.671 [info] > git ls-files --stage -- Knowledge_Hands_on/src/pipeline/__init__.py [9ms]
2026-07-25 18:27:12.680 [info] > git show --textconv :Knowledge_Hands_on/src/pipeline/__init__.py [21ms]
2026-07-25 18:27:12.687 [info] > git cat-file -s e69de29bb2d1d6434b8b29ae775ad8c2e48c5391 [14ms]
2026-07-25 18:27:13.095 [info] > git config --get commit.template [6ms]
2026-07-25 18:27:13.113 [info] > git for-each-ref --format=%(refname)%00%(upstream:short)%00%(objectname)%00%(upstream:track)%00%(upstream:remotename)%00%(upstream:remoteref) refs/heads/main refs/remotes/main [21ms]
2026-07-25 18:27:13.134 [info] > git for-each-ref --sort -committerdate --format %(refname)%00%(objectname)%00%(*objectname) [15ms]
2026-07-25 18:27:13.385 [info] > git status -z -uall [268ms]
2026-07-25 18:27:15.875 [info] > git ls-files --stage -- Knowledge_Hands_on/src/pipeline/__init__.py [10ms]
2026-07-25 18:27:15.881 [info] > git show --textconv :Knowledge_Hands_on/src/pipeline/__init__.py [19ms]
2026-07-25 18:27:15.888 [info] > git cat-file -s e69de29bb2d1d6434b8b29ae775ad8c2e48c5391 [10ms]
2026-07-25 18:27:18.977 [info] > git config --get commit.template [7ms]
2026-07-25 18:27:18.993 [info] > git for-each-ref --format=%(refname)%00%(upstream:short)%00%(objectname)%00%(upstream:track)%00%(upstream:remotename)%00%(upstream:remoteref) refs/heads/main refs/remotes/main [20ms]
2026-07-25 18:27:19.019 [info] > git for-each-ref --sort -committerdate --format %(refname)%00%(objectname)%00%(*objectname) [19ms]
2026-07-25 18:27:19.095 [info] > git status -z -uall [98ms]
2026-07-25 18:27:20.013 [info] > git ls-files --stage -- Knowledge_Hands_on/src/pipeline/fake_llm.py [10ms]
2026-07-25 18:27:20.022 [info] > git show --textconv :Knowledge_Hands_on/src/pipeline/fake_llm.py [23ms]
2026-07-25 18:27:20.029 [info] > git cat-file -s 4204b087d2c53dc05e03b5dd71fef073728c719c [14ms]
2026-07-25 18:27:25.981 [info] > git config --get commit.template [6ms]
2026-07-25 18:27:25.998 [info] > git for-each-ref --format=%(refname)%00%(upstream:short)%00%(objectname)%00%(upstream:track)%00%(upstream:remotename)%00%(upstream:remoteref) refs/heads/main refs/remotes/main [19ms]
2026-07-25 18:27:26.027 [info] > git for-each-ref --sort -committerdate --format %(refname)%00%(objectname)%00%(*objectname) [16ms]
2026-07-25 18:27:26.161 [info] > git status -z -uall [156ms]
2026-07-25 18:27:31.173 [info] > git config --get commit.template [6ms]
2026-07-25 18:27:31.197 [info] > git for-each-ref --format=%(refname)%00%(upstream:short)%00%(objectname)%00%(upstream:track)%00%(upstream:remotename)%00%(upstream:remoteref) refs/heads/main refs/remotes/main [26ms]
2026-07-25 18:27:31.221 [info] > git for-each-ref --sort -committerdate --format %(refname)%00%(objectname)%00%(*objectname) [17ms]
2026-07-25 18:27:31.297 [info] > git status -z -uall [95ms]
2026-07-25 18:27:34.401 [info] > git blame --root --incremental 3bc2939b42a49b02cadb28ba53269eb2db0cb71f -- Knowledge_Hands_on/src/pipeline/fake_llm.py [152ms]
2026-07-25 18:27:44.984 [info] > git config --get commit.template [6ms]
2026-07-25 18:27:45.003 [info] > git for-each-ref --format=%(refname)%00%(upstream:short)%00%(objectname)%00%(upstream:track)%00%(upstream:remotename)%00%(upstream:remoteref) refs/heads/main refs/remotes/main [23ms]
2026-07-25 18:27:45.025 [info] > git for-each-ref --sort -committerdate --format %(refname)%00%(objectname)%00%(*objectname) [15ms]
2026-07-25 18:27:45.102 [info] > git status -z -uall [94ms]
2026-07-25 18:27:59.983 [info] > git config --get commit.template [6ms]
2026-07-25 18:28:00.007 [info] > git for-each-ref --format=%(refname)%00%(upstream:short)%00%(objectname)%00%(upstream:track)%00%(upstream:remotename)%00%(upstream:remoteref) refs/heads/main refs/remotes/main [27ms]
2026-07-25 18:28:00.031 [info] > git for-each-ref --sort -committerdate --format %(refname)%00%(objectname)%00%(*objectname) [16ms]
2026-07-25 18:28:00.109 [info] > git status -z -uall [97ms]
2026-07-25 18:28:00.653 [info] > git ls-files --stage -- Knowledge_Hands_on/src/pipeline/query_results.py [9ms]
2026-07-25 18:28:00.661 [info] > git show --textconv :Knowledge_Hands_on/src/pipeline/query_results.py [20ms]
2026-07-25 18:28:00.669 [info] > git cat-file -s 5278d6494ed59e9906132da49d99705d61dd3899 [14ms]
2026-07-25 18:28:05.120 [info] > git config --get commit.template [6ms]
2026-07-25 18:28:05.137 [info] > git for-each-ref --format=%(refname)%00%(upstream:short)%00%(objectname)%00%(upstream:track)%00%(upstream:remotename)%00%(upstream:remoteref) refs/heads/main refs/remotes/main [19ms]
2026-07-25 18:28:05.161 [info] > git for-each-ref --sort -committerdate --format %(refname)%00%(objectname)%00%(*objectname) [17ms]
2026-07-25 18:28:05.240 [info] > git status -z -uall [98ms]
2026-07-25 18:28:06.699 [info] > git ls-files --stage -- Knowledge_Hands_on/src/pipeline/store.py [9ms]
2026-07-25 18:28:06.709 [info] > git show --textconv :Knowledge_Hands_on/src/pipeline/store.py [22ms]
2026-07-25 18:28:06.714 [info] > git cat-file -s 35e3d6da10140c7e3cb887039cc58fd9c5dad66a [13ms]
2026-07-25 18:28:09.773 [info] > git ls-files --stage -- Knowledge_Hands_on/src/pipeline/logging_config.py [10ms]
2026-07-25 18:28:09.782 [info] > git show --textconv :Knowledge_Hands_on/src/pipeline/logging_config.py [22ms]
2026-07-25 18:28:09.789 [info] > git cat-file -s 91588fca00d08d8d02e857a9b3e45d1397972ccb [14ms]
2026-07-25 18:28:10.253 [info] > git config --get commit.template [6ms]
2026-07-25 18:28:10.269 [info] > git for-each-ref --format=%(refname)%00%(upstream:short)%00%(objectname)%00%(upstream:track)%00%(upstream:remotename)%00%(upstream:remoteref) refs/heads/main refs/remotes/main [18ms]
2026-07-25 18:28:10.292 [info] > git for-each-ref --sort -committerdate --format %(refname)%00%(objectname)%00%(*objectname) [16ms]
2026-07-25 18:28:10.367 [info] > git status -z -uall [94ms]
2026-07-25 18:28:11.872 [info] > git ls-files --stage -- Knowledge_Hands_on/src/pipeline/settings.py [11ms]
2026-07-25 18:28:11.879 [info] > git show --textconv :Knowledge_Hands_on/src/pipeline/settings.py [20ms]
2026-07-25 18:28:11.884 [info] > git cat-file -s 41bd068e5b1470d74ee24a9e1e021d07b00184dc [10ms]
2026-07-25 18:28:14.631 [info] > git ls-files --stage -- Knowledge_Hands_on/src/pipeline/logging_config.py [9ms]
2026-07-25 18:28:14.638 [info] > git show --textconv :Knowledge_Hands_on/src/pipeline/logging_config.py [19ms]
2026-07-25 18:28:14.645 [info] > git cat-file -s 91588fca00d08d8d02e857a9b3e45d1397972ccb [10ms]
2026-07-25 18:28:17.215 [info] > git ls-files --stage -- Knowledge_Hands_on/src/pipeline/settings.py [9ms]
2026-07-25 18:28:17.222 [info] > git show --textconv :Knowledge_Hands_on/src/pipeline/settings.py [19ms]
2026-07-25 18:28:17.228 [info] > git cat-file -s 41bd068e5b1470d74ee24a9e1e021d07b00184dc [11ms]
2026-07-25 18:30:07.928 [info] > git config --get commit.template [8ms]
2026-07-25 18:30:07.951 [info] > git for-each-ref --format=%(refname)%00%(upstream:short)%00%(objectname)%00%(upstream:track)%00%(upstream:remotename)%00%(upstream:remoteref) refs/heads/main refs/remotes/main [26ms]
2026-07-25 18:30:07.977 [info] > git for-each-ref --sort -committerdate --format %(refname)%00%(objectname)%00%(*objectname) [18ms]
2026-07-25 18:30:08.364 [info] > git status -z -uall [408ms]
2026-07-25 18:30:10.926 [info] > git blame --root --incremental 3bc2939b42a49b02cadb28ba53269eb2db0cb71f -- Knowledge_Hands_on/src/pipeline/settings.py [112ms]
2026-07-25 18:30:13.377 [info] > git config --get commit.template [6ms]
2026-07-25 18:30:13.395 [info] > git for-each-ref --format=%(refname)%00%(upstream:short)%00%(objectname)%00%(upstream:track)%00%(upstream:remotename)%00%(upstream:remoteref) refs/heads/main refs/remotes/main [20ms]
2026-07-25 18:30:13.423 [info] > git for-each-ref --sort -committerdate --format %(refname)%00%(objectname)%00%(*objectname) [19ms]
2026-07-25 18:30:13.503 [info] > git status -z -uall [102ms]
2026-07-25 18:30:21.016 [info] > git config --get commit.template [7ms]
2026-07-25 18:30:21.035 [info] > git for-each-ref --format=%(refname)%00%(upstream:short)%00%(objectname)%00%(upstream:track)%00%(upstream:remotename)%00%(upstream:remoteref) refs/heads/main refs/remotes/main [19ms]
2026-07-25 18:30:21.059 [info] > git for-each-ref --sort -committerdate --format %(refname)%00%(objectname)%00%(*objectname) [16ms]
2026-07-25 18:30:21.148 [info] > git status -z -uall [108ms]
2026-07-25 18:30:26.163 [info] > git config --get commit.template [6ms]
2026-07-25 18:30:26.182 [info] > git for-each-ref --format=%(refname)%00%(upstream:short)%00%(objectname)%00%(upstream:track)%00%(upstream:remotename)%00%(upstream:remoteref) refs/heads/main refs/remotes/main [21ms]
2026-07-25 18:30:26.208 [info] > git for-each-ref --sort -committerdate --format %(refname)%00%(objectname)%00%(*objectname) [17ms]
2026-07-25 18:30:26.293 [info] > git status -z -uall [106ms]
2026-07-25 18:30:31.305 [info] > git config --get commit.template [6ms]
2026-07-25 18:30:31.321 [info] > git for-each-ref --format=%(refname)%00%(upstream:short)%00%(objectname)%00%(upstream:track)%00%(upstream:remotename)%00%(upstream:remoteref) refs/heads/main refs/remotes/main [19ms]
2026-07-25 18:30:31.345 [info] > git for-each-ref --sort -committerdate --format %(refname)%00%(objectname)%00%(*objectname) [16ms]
2026-07-25 18:30:31.421 [info] > git status -z -uall [95ms]
2026-07-25 18:30:36.435 [info] > git config --get commit.template [7ms]
2026-07-25 18:30:36.450 [info] > git for-each-ref --format=%(refname)%00%(upstream:short)%00%(objectname)%00%(upstream:track)%00%(upstream:remotename)%00%(upstream:remoteref) refs/heads/main refs/remotes/main [19ms]
2026-07-25 18:30:36.471 [info] > git for-each-ref --sort -committerdate --format %(refname)%00%(objectname)%00%(*objectname) [15ms]
2026-07-25 18:30:36.549 [info] > git status -z -uall [95ms]
2026-07-25 18:30:41.562 [info] > git config --get commit.template [7ms]
2026-07-25 18:30:41.579 [info] > git for-each-ref --format=%(refname)%00%(upstream:short)%00%(objectname)%00%(upstream:track)%00%(upstream:remotename)%00%(upstream:remoteref) refs/heads/main refs/remotes/main [20ms]
2026-07-25 18:30:41.603 [info] > git for-each-ref --sort -committerdate --format %(refname)%00%(objectname)%00%(*objectname) [15ms]
2026-07-25 18:30:41.684 [info] > git status -z -uall [99ms]
2026-07-25 18:30:46.696 [info] > git config --get commit.template [6ms]
2026-07-25 18:30:46.713 [info] > git for-each-ref --format=%(refname)%00%(upstream:short)%00%(objectname)%00%(upstream:track)%00%(upstream:remotename)%00%(upstream:remoteref) refs/heads/main refs/remotes/main [19ms]
2026-07-25 18:30:46.735 [info] > git for-each-ref --sort -committerdate --format %(refname)%00%(objectname)%00%(*objectname) [16ms]
2026-07-25 18:30:46.810 [info] > git status -z -uall [94ms]
2026-07-25 18:30:51.825 [info] > git config --get commit.template [6ms]
2026-07-25 18:30:51.842 [info] > git for-each-ref --format=%(refname)%00%(upstream:short)%00%(objectname)%00%(upstream:track)%00%(upstream:remotename)%00%(upstream:remoteref) refs/heads/main refs/remotes/main [20ms]
2026-07-25 18:30:51.865 [info] > git for-each-ref --sort -committerdate --format %(refname)%00%(objectname)%00%(*objectname) [16ms]
2026-07-25 18:30:51.940 [info] > git status -z -uall [94ms]
2026-07-25 18:30:56.952 [info] > git config --get commit.template [6ms]
2026-07-25 18:30:56.970 [info] > git for-each-ref --format=%(refname)%00%(upstream:short)%00%(objectname)%00%(upstream:track)%00%(upstream:remotename)%00%(upstream:remoteref) refs/heads/main refs/remotes/main [20ms]
2026-07-25 18:30:56.998 [info] > git for-each-ref --sort -committerdate --format %(refname)%00%(objectname)%00%(*objectname) [20ms]
2026-07-25 18:30:57.078 [info] > git status -z -uall [103ms]
2026-07-25 18:31:02.090 [info] > git config --get commit.template [7ms]
2026-07-25 18:31:02.107 [info] > git for-each-ref --format=%(refname)%00%(upstream:short)%00%(objectname)%00%(upstream:track)%00%(upstream:remotename)%00%(upstream:remoteref) refs/heads/main refs/remotes/main [20ms]
2026-07-25 18:31:02.133 [info] > git for-each-ref --sort -committerdate --format %(refname)%00%(objectname)%00%(*objectname) [18ms]
2026-07-25 18:31:02.212 [info] > git status -z -uall [100ms]
2026-07-25 18:31:07.224 [info] > git config --get commit.template [6ms]
2026-07-25 18:31:07.240 [info] > git for-each-ref --format=%(refname)%00%(upstream:short)%00%(objectname)%00%(upstream:track)%00%(upstream:remotename)%00%(upstream:remoteref) refs/heads/main refs/remotes/main [18ms]
2026-07-25 18:31:07.265 [info] > git for-each-ref --sort -committerdate --format %(refname)%00%(objectname)%00%(*objectname) [18ms]
2026-07-25 18:31:07.344 [info] > git status -z -uall [100ms]
2026-07-25 18:31:12.358 [info] > git config --get commit.template [8ms]
2026-07-25 18:31:12.375 [info] > git for-each-ref --format=%(refname)%00%(upstream:short)%00%(objectname)%00%(upstream:track)%00%(upstream:remotename)%00%(upstream:remoteref) refs/heads/main refs/remotes/main [21ms]
2026-07-25 18:31:12.397 [info] > git for-each-ref --sort -committerdate --format %(refname)%00%(objectname)%00%(*objectname) [16ms]
2026-07-25 18:31:12.741 [info] > git status -z -uall [362ms]
2026-07-25 18:34:34.119 [info] > git config --get commit.template [8ms]
2026-07-25 18:34:34.141 [info] > git for-each-ref --format=%(refname)%00%(upstream:short)%00%(objectname)%00%(upstream:track)%00%(upstream:remotename)%00%(upstream:remoteref) refs/heads/main refs/remotes/main [27ms]
2026-07-25 18:34:34.167 [info] > git for-each-ref --sort -committerdate --format %(refname)%00%(objectname)%00%(*objectname) [18ms]
2026-07-25 18:34:34.554 [info] > git status -z -uall [407ms]
2026-07-25 18:34:39.566 [info] > git config --get commit.template [6ms]
2026-07-25 18:34:39.582 [info] > git for-each-ref --format=%(refname)%00%(upstream:short)%00%(objectname)%00%(upstream:track)%00%(upstream:remotename)%00%(upstream:remoteref) refs/heads/main refs/remotes/main [19ms]
2026-07-25 18:34:39.605 [info] > git for-each-ref --sort -committerdate --format %(refname)%00%(objectname)%00%(*objectname) [16ms]
2026-07-25 18:34:39.682 [info] > git status -z -uall [96ms]
2026-07-25 18:34:44.737 [info] > git config --get commit.template [8ms]
2026-07-25 18:34:44.752 [info] > git for-each-ref --format=%(refname)%00%(upstream:short)%00%(objectname)%00%(upstream:track)%00%(upstream:remotename)%00%(upstream:remoteref) refs/heads/main refs/remotes/main [19ms]
2026-07-25 18:34:44.776 [info] > git for-each-ref --sort -committerdate --format %(refname)%00%(objectname)%00%(*objectname) [16ms]
2026-07-25 18:34:44.853 [info] > git status -z -uall [97ms]
2026-07-25 18:34:50.049 [info] > git config --get commit.template [6ms]
2026-07-25 18:34:50.065 [info] > git for-each-ref --format=%(refname)%00%(upstream:short)%00%(objectname)%00%(upstream:track)%00%(upstream:remotename)%00%(upstream:remoteref) refs/heads/main refs/remotes/main [19ms]
2026-07-25 18:34:50.089 [info] > git for-each-ref --sort -committerdate --format %(refname)%00%(objectname)%00%(*objectname) [16ms]
2026-07-25 18:34:50.163 [info] > git status -z -uall [92ms]
2026-07-25 18:34:52.559 [info] > git ls-files --stage -- Knowledge_Hands_on/src/pipeline/logging_config.py [11ms]
2026-07-25 18:34:52.565 [info] > git show --textconv :Knowledge_Hands_on/src/pipeline/logging_config.py [19ms]
2026-07-25 18:34:52.571 [info] > git cat-file -s 91588fca00d08d8d02e857a9b3e45d1397972ccb [10ms]
2026-07-25 18:35:00.054 [info] > git config --get commit.template [7ms]
2026-07-25 18:35:00.071 [info] > git for-each-ref --format=%(refname)%00%(upstream:short)%00%(objectname)%00%(upstream:track)%00%(upstream:remotename)%00%(upstream:remoteref) refs/heads/main refs/remotes/main [20ms]
2026-07-25 18:35:00.097 [info] > git for-each-ref --sort -committerdate --format %(refname)%00%(objectname)%00%(*objectname) [17ms]
2026-07-25 18:35:00.203 [info] > git status -z -uall [126ms]
2026-07-25 18:36:44.009 [info] > git config --get commit.template [8ms]
2026-07-25 18:36:44.030 [info] > git for-each-ref --format=%(refname)%00%(upstream:short)%00%(objectname)%00%(upstream:track)%00%(upstream:remotename)%00%(upstream:remoteref) refs/heads/main refs/remotes/main [26ms]
2026-07-25 18:36:44.054 [info] > git for-each-ref --sort -committerdate --format %(refname)%00%(objectname)%00%(*objectname) [16ms]
2026-07-25 18:36:44.443 [info] > git status -z -uall [408ms]
2026-07-25 18:36:46.747 [info] > git ls-files --stage -- Knowledge_Hands_on/src/pipeline/settings.py [10ms]
2026-07-25 18:36:46.754 [info] > git show --textconv :Knowledge_Hands_on/src/pipeline/settings.py [20ms]
2026-07-25 18:36:46.759 [info] > git cat-file -s 41bd068e5b1470d74ee24a9e1e021d07b00184dc [10ms]
2026-07-25 18:36:49.456 [info] > git config --get commit.template [6ms]
2026-07-25 18:36:49.472 [info] > git for-each-ref --format=%(refname)%00%(upstream:short)%00%(objectname)%00%(upstream:track)%00%(upstream:remotename)%00%(upstream:remoteref) refs/heads/main refs/remotes/main [20ms]
2026-07-25 18:36:49.495 [info] > git for-each-ref --sort -committerdate --format %(refname)%00%(objectname)%00%(*objectname) [16ms]
2026-07-25 18:36:49.576 [info] > git status -z -uall [99ms]
2026-07-25 18:36:54.377 [info] > git check-ignore -v -z --stdin [11ms]
2026-07-25 18:36:54.587 [info] > git config --get commit.template [6ms]
2026-07-25 18:36:54.603 [info] > git for-each-ref --format=%(refname)%00%(upstream:short)%00%(objectname)%00%(upstream:track)%00%(upstream:remotename)%00%(upstream:remoteref) refs/heads/main refs/remotes/main [19ms]
2026-07-25 18:36:54.626 [info] > git for-each-ref --sort -committerdate --format %(refname)%00%(objectname)%00%(*objectname) [16ms]
2026-07-25 18:36:54.704 [info] > git status -z -uall [97ms]
2026-07-25 18:36:55.543 [info] > git ls-files --stage -- Knowledge_Hands_on/data/questions.csv [10ms]
2026-07-25 18:36:55.554 [info] > git show --textconv :Knowledge_Hands_on/data/questions.csv [23ms]
2026-07-25 18:36:55.558 [info] > git cat-file -s fb08fc50fa107709b01780a7f89563542ecc4ed5 [13ms]
2026-07-25 18:36:59.717 [info] > git config --get commit.template [7ms]
2026-07-25 18:36:59.734 [info] > git for-each-ref --format=%(refname)%00%(upstream:short)%00%(objectname)%00%(upstream:track)%00%(upstream:remotename)%00%(upstream:remoteref) refs/heads/main refs/remotes/main [21ms]
2026-07-25 18:36:59.759 [info] > git for-each-ref --sort -committerdate --format %(refname)%00%(objectname)%00%(*objectname) [19ms]
2026-07-25 18:36:59.845 [info] > git status -z -uall [107ms]
2026-07-25 18:37:12.512 [info] > git config --get commit.template [6ms]
2026-07-25 18:37:12.528 [info] > git for-each-ref --format=%(refname)%00%(upstream:short)%00%(objectname)%00%(upstream:track)%00%(upstream:remotename)%00%(upstream:remoteref) refs/heads/main refs/remotes/main [19ms]
2026-07-25 18:37:12.577 [info] > git for-each-ref --sort -committerdate --format %(refname)%00%(objectname)%00%(*objectname) [43ms]
2026-07-25 18:37:12.691 [info] > git status -z -uall [159ms]
2026-07-25 18:37:14.609 [info] > git ls-files --stage -- Knowledge_Hands_on/src/pipeline/settings.py [11ms]
2026-07-25 18:37:14.616 [info] > git show --textconv :Knowledge_Hands_on/src/pipeline/settings.py [20ms]
2026-07-25 18:37:14.623 [info] > git cat-file -s 41bd068e5b1470d74ee24a9e1e021d07b00184dc [12ms]
2026-07-25 18:37:17.702 [info] > git config --get commit.template [6ms]
2026-07-25 18:37:17.724 [info] > git for-each-ref --format=%(refname)%00%(upstream:short)%00%(objectname)%00%(upstream:track)%00%(upstream:remotename)%00%(upstream:remoteref) refs/heads/main refs/remotes/main [24ms]
2026-07-25 18:37:17.748 [info] > git for-each-ref --sort -committerdate --format %(refname)%00%(objectname)%00%(*objectname) [17ms]
2026-07-25 18:37:17.828 [info] > git status -z -uall [99ms]
2026-07-25 18:37:27.671 [info] > git config --get commit.template [7ms]
2026-07-25 18:37:27.687 [info] > git for-each-ref --format=%(refname)%00%(upstream:short)%00%(objectname)%00%(upstream:track)%00%(upstream:remotename)%00%(upstream:remoteref) refs/heads/main refs/remotes/main [20ms]
2026-07-25 18:37:27.710 [info] > git for-each-ref --sort -committerdate --format %(refname)%00%(objectname)%00%(*objectname) [17ms]
2026-07-25 18:37:27.786 [info] > git status -z -uall [95ms]
2026-07-25 18:37:32.798 [info] > git config --get commit.template [6ms]
2026-07-25 18:37:32.814 [info] > git for-each-ref --format=%(refname)%00%(upstream:short)%00%(objectname)%00%(upstream:track)%00%(upstream:remotename)%00%(upstream:remoteref) refs/heads/main refs/remotes/main [19ms]
2026-07-25 18:37:32.845 [info] > git for-each-ref --sort -committerdate --format %(refname)%00%(objectname)%00%(*objectname) [24ms]
2026-07-25 18:37:32.924 [info] > git status -z -uall [106ms]
2026-07-25 18:37:37.938 [info] > git config --get commit.template [7ms]
2026-07-25 18:37:37.957 [info] > git for-each-ref --format=%(refname)%00%(upstream:short)%00%(objectname)%00%(upstream:track)%00%(upstream:remotename)%00%(upstream:remoteref) refs/heads/main refs/remotes/main [23ms]
2026-07-25 18:37:37.982 [info] > git for-each-ref --sort -committerdate --format %(refname)%00%(objectname)%00%(*objectname) [19ms]
2026-07-25 18:37:38.064 [info] > git status -z -uall [104ms]
2026-07-25 18:37:54.558 [info] > git config --get commit.template [6ms]
2026-07-25 18:37:54.576 [info] > git for-each-ref --format=%(refname)%00%(upstream:short)%00%(objectname)%00%(upstream:track)%00%(upstream:remotename)%00%(upstream:remoteref) refs/heads/main refs/remotes/main [21ms]
2026-07-25 18:37:54.599 [info] > git for-each-ref --sort -committerdate --format %(refname)%00%(objectname)%00%(*objectname) [16ms]
2026-07-25 18:37:54.937 [info] > git status -z -uall [356ms]
2026-07-25 18:37:59.162 [info] > git ls-files --stage -- Knowledge_Hands_on/src/pipeline/logging_config.py [10ms]
2026-07-25 18:37:59.169 [info] > git show --textconv :Knowledge_Hands_on/src/pipeline/logging_config.py [19ms]
2026-07-25 18:37:59.173 [info] > git cat-file -s 91588fca00d08d8d02e857a9b3e45d1397972ccb [9ms]
2026-07-25 18:37:59.949 [info] > git config --get commit.template [6ms]
2026-07-25 18:37:59.965 [info] > git for-each-ref --format=%(refname)%00%(upstream:short)%00%(objectname)%00%(upstream:track)%00%(upstream:remotename)%00%(upstream:remoteref) refs/heads/main refs/remotes/main [20ms]
2026-07-25 18:37:59.986 [info] > git for-each-ref --sort -committerdate --format %(refname)%00%(objectname)%00%(*objectname) [15ms]
2026-07-25 18:38:00.065 [info] > git status -z -uall [96ms]
2026-07-25 18:38:05.077 [info] > git config --get commit.template [6ms]
2026-07-25 18:38:05.094 [info] > git for-each-ref --format=%(refname)%00%(upstream:short)%00%(objectname)%00%(upstream:track)%00%(upstream:remotename)%00%(upstream:remoteref) refs/heads/main refs/remotes/main [20ms]
2026-07-25 18:38:05.116 [info] > git for-each-ref --sort -committerdate --format %(refname)%00%(objectname)%00%(*objectname) [16ms]
2026-07-25 18:38:05.191 [info] > git status -z -uall [93ms]
2026-07-25 18:38:11.170 [info] > git config --get commit.template [6ms]
2026-07-25 18:38:11.187 [info] > git for-each-ref --format=%(refname)%00%(upstream:short)%00%(objectname)%00%(upstream:track)%00%(upstream:remotename)%00%(upstream:remoteref) refs/heads/main refs/remotes/main [20ms]
2026-07-25 18:38:11.209 [info] > git for-each-ref --sort -committerdate --format %(refname)%00%(objectname)%00%(*objectname) [16ms]
2026-07-25 18:38:11.284 [info] > git status -z -uall [93ms]
2026-07-25 18:38:16.295 [info] > git config --get commit.template [6ms]
2026-07-25 18:38:16.312 [info] > git for-each-ref --format=%(refname)%00%(upstream:short)%00%(objectname)%00%(upstream:track)%00%(upstream:remotename)%00%(upstream:remoteref) refs/heads/main refs/remotes/main [20ms]
2026-07-25 18:38:16.335 [info] > git for-each-ref --sort -committerdate --format %(refname)%00%(objectname)%00%(*objectname) [16ms]
2026-07-25 18:38:16.414 [info] > git status -z -uall [97ms]
2026-07-25 18:38:21.426 [info] > git config --get commit.template [6ms]
2026-07-25 18:38:21.442 [info] > git for-each-ref --format=%(refname)%00%(upstream:short)%00%(objectname)%00%(upstream:track)%00%(upstream:remotename)%00%(upstream:remoteref) refs/heads/main refs/remotes/main [19ms]
2026-07-25 18:38:21.463 [info] > git for-each-ref --sort -committerdate --format %(refname)%00%(objectname)%00%(*objectname) [14ms]
2026-07-25 18:38:21.540 [info] > git status -z -uall [94ms]
2026-07-25 18:38:29.192 [info] > git config --get commit.template [6ms]
2026-07-25 18:38:29.208 [info] > git for-each-ref --format=%(refname)%00%(upstream:short)%00%(objectname)%00%(upstream:track)%00%(upstream:remotename)%00%(upstream:remoteref) refs/heads/main refs/remotes/main [19ms]
2026-07-25 18:38:29.231 [info] > git for-each-ref --sort -committerdate --format %(refname)%00%(objectname)%00%(*objectname) [17ms]
2026-07-25 18:38:29.309 [info] > git status -z -uall [97ms]
2026-07-25 18:38:34.322 [info] > git config --get commit.template [7ms]
2026-07-25 18:38:34.338 [info] > git for-each-ref --format=%(refname)%00%(upstream:short)%00%(objectname)%00%(upstream:track)%00%(upstream:remotename)%00%(upstream:remoteref) refs/heads/main refs/remotes/main [20ms]
2026-07-25 18:38:34.362 [info] > git for-each-ref --sort -committerdate --format %(refname)%00%(objectname)%00%(*objectname) [18ms]
2026-07-25 18:38:34.440 [info] > git status -z -uall [99ms]
2026-07-25 18:38:39.451 [info] > git config --get commit.template [6ms]
2026-07-25 18:38:39.467 [info] > git for-each-ref --format=%(refname)%00%(upstream:short)%00%(objectname)%00%(upstream:track)%00%(upstream:remotename)%00%(upstream:remoteref) refs/heads/main refs/remotes/main [19ms]
2026-07-25 18:38:39.489 [info] > git for-each-ref --sort -committerdate --format %(refname)%00%(objectname)%00%(*objectname) [16ms]
2026-07-25 18:38:39.565 [info] > git status -z -uall [94ms]
2026-07-25 18:38:44.577 [info] > git config --get commit.template [6ms]
2026-07-25 18:38:44.593 [info] > git for-each-ref --format=%(refname)%00%(upstream:short)%00%(objectname)%00%(upstream:track)%00%(upstream:remotename)%00%(upstream:remoteref) refs/heads/main refs/remotes/main [19ms]
2026-07-25 18:38:44.618 [info] > git for-each-ref --sort -committerdate --format %(refname)%00%(objectname)%00%(*objectname) [19ms]
2026-07-25 18:38:44.695 [info] > git status -z -uall [98ms]
2026-07-25 18:38:49.707 [info] > git config --get commit.template [7ms]
2026-07-25 18:38:49.723 [info] > git for-each-ref --format=%(refname)%00%(upstream:short)%00%(objectname)%00%(upstream:track)%00%(upstream:remotename)%00%(upstream:remoteref) refs/heads/main refs/remotes/main [20ms]
2026-07-25 18:38:49.748 [info] > git for-each-ref --sort -committerdate --format %(refname)%00%(objectname)%00%(*objectname) [18ms]
2026-07-25 18:38:49.826 [info] > git status -z -uall [98ms]
2026-07-25 18:38:54.840 [info] > git config --get commit.template [8ms]
2026-07-25 18:38:54.857 [info] > git for-each-ref --format=%(refname)%00%(upstream:short)%00%(objectname)%00%(upstream:track)%00%(upstream:remotename)%00%(upstream:remoteref) refs/heads/main refs/remotes/main [22ms]
2026-07-25 18:38:54.880 [info] > git for-each-ref --sort -committerdate --format %(refname)%00%(objectname)%00%(*objectname) [16ms]
2026-07-25 18:38:55.219 [info] > git status -z -uall [358ms]
2026-07-25 18:38:59.184 [info] > git check-ignore -v -z --stdin [11ms]
2026-07-25 18:39:02.870 [info] > git config --get commit.template [6ms]
2026-07-25 18:39:02.886 [info] > git for-each-ref --format=%(refname)%00%(upstream:short)%00%(objectname)%00%(upstream:track)%00%(upstream:remotename)%00%(upstream:remoteref) refs/heads/main refs/remotes/main [19ms]
2026-07-25 18:39:02.907 [info] > git for-each-ref --sort -committerdate --format %(refname)%00%(objectname)%00%(*objectname) [15ms]
2026-07-25 18:39:02.985 [info] > git status -z -uall [96ms]
2026-07-25 18:39:07.997 [info] > git config --get commit.template [7ms]
2026-07-25 18:39:08.015 [info] > git for-each-ref --format=%(refname)%00%(upstream:short)%00%(objectname)%00%(upstream:track)%00%(upstream:remotename)%00%(upstream:remoteref) refs/heads/main refs/remotes/main [21ms]
2026-07-25 18:39:08.038 [info] > git for-each-ref --sort -committerdate --format %(refname)%00%(objectname)%00%(*objectname) [17ms]
2026-07-25 18:39:08.119 [info] > git status -z -uall [100ms]
2026-07-25 18:39:24.871 [info] > git config --get commit.template [6ms]
2026-07-25 18:39:24.887 [info] > git for-each-ref --format=%(refname)%00%(upstream:short)%00%(objectname)%00%(upstream:track)%00%(upstream:remotename)%00%(upstream:remoteref) refs/heads/main refs/remotes/main [19ms]
2026-07-25 18:39:24.910 [info] > git for-each-ref --sort -committerdate --format %(refname)%00%(objectname)%00%(*objectname) [16ms]
2026-07-25 18:39:24.985 [info] > git status -z -uall [94ms]
2026-07-25 18:39:29.997 [info] > git config --get commit.template [7ms]
2026-07-25 18:39:30.014 [info] > git for-each-ref --format=%(refname)%00%(upstream:short)%00%(objectname)%00%(upstream:track)%00%(upstream:remotename)%00%(upstream:remoteref) refs/heads/main refs/remotes/main [21ms]
2026-07-25 18:39:30.039 [info] > git for-each-ref --sort -committerdate --format %(refname)%00%(objectname)%00%(*objectname) [17ms]
2026-07-25 18:39:30.118 [info] > git status -z -uall [98ms]
2026-07-25 18:39:35.130 [info] > git config --get commit.template [6ms]
2026-07-25 18:39:35.146 [info] > git for-each-ref --format=%(refname)%00%(upstream:short)%00%(objectname)%00%(upstream:track)%00%(upstream:remotename)%00%(upstream:remoteref) refs/heads/main refs/remotes/main [19ms]
2026-07-25 18:39:35.169 [info] > git for-each-ref --sort -committerdate --format %(refname)%00%(objectname)%00%(*objectname) [16ms]
2026-07-25 18:39:35.246 [info] > git status -z -uall [96ms]
2026-07-25 18:39:40.258 [info] > git config --get commit.template [6ms]
2026-07-25 18:39:40.272 [info] > git for-each-ref --format=%(refname)%00%(upstream:short)%00%(objectname)%00%(upstream:track)%00%(upstream:remotename)%00%(upstream:remoteref) refs/heads/main refs/remotes/main [16ms]
2026-07-25 18:39:40.292 [info] > git for-each-ref --sort -committerdate --format %(refname)%00%(objectname)%00%(*objectname) [14ms]
2026-07-25 18:39:40.372 [info] > git status -z -uall [97ms]
2026-07-25 18:39:45.382 [info] > git config --get commit.template [5ms]
2026-07-25 18:39:45.395 [info] > git for-each-ref --format=%(refname)%00%(upstream:short)%00%(objectname)%00%(upstream:track)%00%(upstream:remotename)%00%(upstream:remoteref) refs/heads/main refs/remotes/main [15ms]
2026-07-25 18:39:45.415 [info] > git for-each-ref --sort -committerdate --format %(refname)%00%(objectname)%00%(*objectname) [13ms]
2026-07-25 18:39:45.485 [info] > git status -z -uall [85ms]
2026-07-25 18:39:50.496 [info] > git config --get commit.template [6ms]
2026-07-25 18:39:50.509 [info] > git for-each-ref --format=%(refname)%00%(upstream:short)%00%(objectname)%00%(upstream:track)%00%(upstream:remotename)%00%(upstream:remoteref) refs/heads/main refs/remotes/main [15ms]
2026-07-25 18:39:50.530 [info] > git for-each-ref --sort -committerdate --format %(refname)%00%(objectname)%00%(*objectname) [16ms]
2026-07-25 18:39:50.600 [info] > git status -z -uall [88ms]
2026-07-25 18:39:55.614 [info] > git config --get commit.template [7ms]
2026-07-25 18:39:55.628 [info] > git for-each-ref --format=%(refname)%00%(upstream:short)%00%(objectname)%00%(upstream:track)%00%(upstream:remotename)%00%(upstream:remoteref) refs/heads/main refs/remotes/main [18ms]
2026-07-25 18:39:55.648 [info] > git for-each-ref --sort -committerdate --format %(refname)%00%(objectname)%00%(*objectname) [13ms]
2026-07-25 18:39:55.974 [info] > git status -z -uall [341ms]
2026-07-25 18:40:00.985 [info] > git config --get commit.template [6ms]
2026-07-25 18:40:00.998 [info] > git for-each-ref --format=%(refname)%00%(upstream:short)%00%(objectname)%00%(upstream:track)%00%(upstream:remotename)%00%(upstream:remoteref) refs/heads/main refs/remotes/main [16ms]
2026-07-25 18:40:01.020 [info] > git for-each-ref --sort -committerdate --format %(refname)%00%(objectname)%00%(*objectname) [16ms]
2026-07-25 18:40:01.089 [info] > git status -z -uall [87ms]
2026-07-25 18:40:27.093 [info] > git config --get commit.template [6ms]
2026-07-25 18:40:27.108 [info] > git for-each-ref --format=%(refname)%00%(upstream:short)%00%(objectname)%00%(upstream:track)%00%(upstream:remotename)%00%(upstream:remoteref) refs/heads/main refs/remotes/main [16ms]
2026-07-25 18:40:27.131 [info] > git for-each-ref --sort -committerdate --format %(refname)%00%(objectname)%00%(*objectname) [14ms]
2026-07-25 18:40:27.205 [info] > git status -z -uall [90ms]
2026-07-25 18:40:29.039 [info] > git blame --root --incremental 3bc2939b42a49b02cadb28ba53269eb2db0cb71f -- Knowledge_Hands_on/src/pipeline/logging_config.py [115ms]
2026-07-25 18:40:32.216 [info] > git config --get commit.template [6ms]
2026-07-25 18:40:32.228 [info] > git for-each-ref --format=%(refname)%00%(upstream:short)%00%(objectname)%00%(upstream:track)%00%(upstream:remotename)%00%(upstream:remoteref) refs/heads/main refs/remotes/main [15ms]
2026-07-25 18:40:32.248 [info] > git for-each-ref --sort -committerdate --format %(refname)%00%(objectname)%00%(*objectname) [14ms]
2026-07-25 18:40:32.319 [info] > git status -z -uall [87ms]
2026-07-25 18:40:32.378 [info] > git ls-files --stage -- Knowledge_Hands_on/src/pipeline/pipeline.py [7ms]
2026-07-25 18:40:32.385 [info] > git show --textconv :Knowledge_Hands_on/src/pipeline/pipeline.py [17ms]
2026-07-25 18:40:32.390 [info] > git cat-file -s f0db41181560b9a02ada58c0945d8ce86fd79aba [9ms]
2026-07-25 18:40:32.768 [info] > git blame --root --incremental 3bc2939b42a49b02cadb28ba53269eb2db0cb71f -- Knowledge_Hands_on/src/pipeline/pipeline.py [91ms]
2026-07-25 18:40:47.547 [info] > git config --get commit.template [6ms]
2026-07-25 18:40:47.560 [info] > git for-each-ref --format=%(refname)%00%(upstream:short)%00%(objectname)%00%(upstream:track)%00%(upstream:remotename)%00%(upstream:remoteref) refs/heads/main refs/remotes/main [16ms]
2026-07-25 18:40:47.578 [info] > git for-each-ref --sort -committerdate --format %(refname)%00%(objectname)%00%(*objectname) [13ms]
2026-07-25 18:40:47.652 [info] > git status -z -uall [89ms]
2026-07-25 18:41:07.653 [info] > git config --get commit.template [6ms]
2026-07-25 18:41:07.666 [info] > git for-each-ref --format=%(refname)%00%(upstream:short)%00%(objectname)%00%(upstream:track)%00%(upstream:remotename)%00%(upstream:remoteref) refs/heads/main refs/remotes/main [16ms]
2026-07-25 18:41:07.689 [info] > git for-each-ref --sort -committerdate --format %(refname)%00%(objectname)%00%(*objectname) [17ms]
2026-07-25 18:41:07.994 [info] > git status -z -uall [323ms]
2026-07-25 18:41:13.005 [info] > git config --get commit.template [5ms]
2026-07-25 18:41:13.018 [info] > git for-each-ref --format=%(refname)%00%(upstream:short)%00%(objectname)%00%(upstream:track)%00%(upstream:remotename)%00%(upstream:remoteref) refs/heads/main refs/remotes/main [15ms]
2026-07-25 18:41:13.040 [info] > git for-each-ref --sort -committerdate --format %(refname)%00%(objectname)%00%(*objectname) [16ms]
2026-07-25 18:41:13.114 [info] > git status -z -uall [92ms]
2026-07-25 18:41:18.126 [info] > git config --get commit.template [5ms]
2026-07-25 18:41:18.140 [info] > git for-each-ref --format=%(refname)%00%(upstream:short)%00%(objectname)%00%(upstream:track)%00%(upstream:remotename)%00%(upstream:remoteref) refs/heads/main refs/remotes/main [15ms]
2026-07-25 18:41:18.159 [info] > git for-each-ref --sort -committerdate --format %(refname)%00%(objectname)%00%(*objectname) [12ms]
2026-07-25 18:41:18.227 [info] > git status -z -uall [83ms]
2026-07-25 18:41:23.239 [info] > git config --get commit.template [6ms]
2026-07-25 18:41:23.252 [info] > git for-each-ref --format=%(refname)%00%(upstream:short)%00%(objectname)%00%(upstream:track)%00%(upstream:remotename)%00%(upstream:remoteref) refs/heads/main refs/remotes/main [15ms]
2026-07-25 18:41:23.271 [info] > git for-each-ref --sort -committerdate --format %(refname)%00%(objectname)%00%(*objectname) [13ms]
2026-07-25 18:41:23.339 [info] > git status -z -uall [83ms]
2026-07-25 18:41:28.350 [info] > git config --get commit.template [5ms]
2026-07-25 18:41:28.364 [info] > git for-each-ref --format=%(refname)%00%(upstream:short)%00%(objectname)%00%(upstream:track)%00%(upstream:remotename)%00%(upstream:remoteref) refs/heads/main refs/remotes/main [16ms]
2026-07-25 18:41:28.387 [info] > git for-each-ref --sort -committerdate --format %(refname)%00%(objectname)%00%(*objectname) [14ms]
2026-07-25 18:41:28.465 [info] > git status -z -uall [95ms]
2026-07-25 18:41:33.475 [info] > git config --get commit.template [5ms]
2026-07-25 18:41:33.489 [info] > git for-each-ref --format=%(refname)%00%(upstream:short)%00%(objectname)%00%(upstream:track)%00%(upstream:remotename)%00%(upstream:remoteref) refs/heads/main refs/remotes/main [15ms]
2026-07-25 18:41:33.511 [info] > git for-each-ref --sort -committerdate --format %(refname)%00%(objectname)%00%(*objectname) [14ms]
2026-07-25 18:41:33.582 [info] > git status -z -uall [87ms]
2026-07-25 18:41:38.593 [info] > git config --get commit.template [6ms]
2026-07-25 18:41:38.606 [info] > git for-each-ref --format=%(refname)%00%(upstream:short)%00%(objectname)%00%(upstream:track)%00%(upstream:remotename)%00%(upstream:remoteref) refs/heads/main refs/remotes/main [16ms]
2026-07-25 18:41:38.624 [info] > git for-each-ref --sort -committerdate --format %(refname)%00%(objectname)%00%(*objectname) [13ms]
2026-07-25 18:41:38.698 [info] > git status -z -uall [89ms]
2026-07-25 18:41:43.710 [info] > git config --get commit.template [7ms]
2026-07-25 18:41:43.723 [info] > git for-each-ref --format=%(refname)%00%(upstream:short)%00%(objectname)%00%(upstream:track)%00%(upstream:remotename)%00%(upstream:remoteref) refs/heads/main refs/remotes/main [17ms]
2026-07-25 18:41:43.745 [info] > git for-each-ref --sort -committerdate --format %(refname)%00%(objectname)%00%(*objectname) [16ms]
2026-07-25 18:41:43.818 [info] > git status -z -uall [91ms]
2026-07-25 18:41:48.829 [info] > git config --get commit.template [6ms]
2026-07-25 18:41:48.843 [info] > git for-each-ref --format=%(refname)%00%(upstream:short)%00%(objectname)%00%(upstream:track)%00%(upstream:remotename)%00%(upstream:remoteref) refs/heads/main refs/remotes/main [16ms]
2026-07-25 18:41:48.860 [info] > git for-each-ref --sort -committerdate --format %(refname)%00%(objectname)%00%(*objectname) [12ms]
2026-07-25 18:41:48.932 [info] > git status -z -uall [86ms]
2026-07-25 18:42:32.226 [info] > git config --get commit.template [6ms]
2026-07-25 18:42:32.240 [info] > git for-each-ref --format=%(refname)%00%(upstream:short)%00%(objectname)%00%(upstream:track)%00%(upstream:remotename)%00%(upstream:remoteref) refs/heads/main refs/remotes/main [17ms]
2026-07-25 18:42:32.267 [info] > git for-each-ref --sort -committerdate --format %(refname)%00%(objectname)%00%(*objectname) [21ms]
2026-07-25 18:42:32.561 [info] > git status -z -uall [318ms]
2026-07-25 18:43:01.726 [info] > git config --get commit.template [5ms]
2026-07-25 18:43:01.739 [info] > git for-each-ref --format=%(refname)%00%(upstream:short)%00%(objectname)%00%(upstream:track)%00%(upstream:remotename)%00%(upstream:remoteref) refs/heads/main refs/remotes/main [15ms]
2026-07-25 18:43:01.761 [info] > git for-each-ref --sort -committerdate --format %(refname)%00%(objectname)%00%(*objectname) [17ms]
2026-07-25 18:43:01.844 [info] > git status -z -uall [102ms]
2026-07-25 18:43:06.855 [info] > git config --get commit.template [5ms]
2026-07-25 18:43:06.867 [info] > git for-each-ref --format=%(refname)%00%(upstream:short)%00%(objectname)%00%(upstream:track)%00%(upstream:remotename)%00%(upstream:remoteref) refs/heads/main refs/remotes/main [14ms]
2026-07-25 18:43:06.886 [info] > git for-each-ref --sort -committerdate --format %(refname)%00%(objectname)%00%(*objectname) [13ms]
2026-07-25 18:43:06.956 [info] > git status -z -uall [85ms]
2026-07-25 18:43:27.133 [info] > git config --get commit.template [7ms]
2026-07-25 18:43:27.147 [info] > git for-each-ref --format=%(refname)%00%(upstream:short)%00%(objectname)%00%(upstream:track)%00%(upstream:remotename)%00%(upstream:remoteref) refs/heads/main refs/remotes/main [17ms]
2026-07-25 18:43:27.176 [info] > git for-each-ref --sort -committerdate --format %(refname)%00%(objectname)%00%(*objectname) [22ms]
2026-07-25 18:43:27.246 [info] > git status -z -uall [93ms]
2026-07-25 18:43:32.257 [info] > git config --get commit.template [5ms]
2026-07-25 18:43:32.271 [info] > git for-each-ref --format=%(refname)%00%(upstream:short)%00%(objectname)%00%(upstream:track)%00%(upstream:remotename)%00%(upstream:remoteref) refs/heads/main refs/remotes/main [16ms]
2026-07-25 18:43:32.291 [info] > git for-each-ref --sort -committerdate --format %(refname)%00%(objectname)%00%(*objectname) [14ms]
2026-07-25 18:43:32.585 [info] > git status -z -uall [311ms]
2026-07-25 18:43:57.025 [info] > git config --get commit.template [7ms]
2026-07-25 18:43:57.037 [info] > git for-each-ref --format=%(refname)%00%(upstream:short)%00%(objectname)%00%(upstream:track)%00%(upstream:remotename)%00%(upstream:remoteref) refs/heads/main refs/remotes/main [15ms]
2026-07-25 18:43:57.067 [info] > git for-each-ref --sort -committerdate --format %(refname)%00%(objectname)%00%(*objectname) [24ms]
2026-07-25 18:43:57.140 [info] > git status -z -uall [99ms]
2026-07-25 18:44:15.151 [info] > git config --get commit.template [5ms]
2026-07-25 18:44:15.165 [info] > git for-each-ref --format=%(refname)%00%(upstream:short)%00%(objectname)%00%(upstream:track)%00%(upstream:remotename)%00%(upstream:remoteref) refs/heads/main refs/remotes/main [15ms]
2026-07-25 18:44:15.185 [info] > git for-each-ref --sort -committerdate --format %(refname)%00%(objectname)%00%(*objectname) [13ms]
2026-07-25 18:44:15.257 [info] > git status -z -uall [87ms]
2026-07-25 18:44:20.268 [info] > git config --get commit.template [5ms]
2026-07-25 18:44:20.281 [info] > git for-each-ref --format=%(refname)%00%(upstream:short)%00%(objectname)%00%(upstream:track)%00%(upstream:remotename)%00%(upstream:remoteref) refs/heads/main refs/remotes/main [15ms]
2026-07-25 18:44:20.299 [info] > git for-each-ref --sort -committerdate --format %(refname)%00%(objectname)%00%(*objectname) [12ms]
2026-07-25 18:44:20.369 [info] > git status -z -uall [85ms]
2026-07-25 18:44:25.668 [info] > git config --get commit.template [7ms]
2026-07-25 18:44:25.683 [info] > git for-each-ref --format=%(refname)%00%(upstream:short)%00%(objectname)%00%(upstream:track)%00%(upstream:remotename)%00%(upstream:remoteref) refs/heads/main refs/remotes/main [19ms]
2026-07-25 18:44:25.704 [info] > git for-each-ref --sort -committerdate --format %(refname)%00%(objectname)%00%(*objectname) [15ms]
2026-07-25 18:44:25.786 [info] > git status -z -uall [99ms]
2026-07-25 18:44:30.797 [info] > git config --get commit.template [6ms]
2026-07-25 18:44:30.808 [info] > git for-each-ref --format=%(refname)%00%(upstream:short)%00%(objectname)%00%(upstream:track)%00%(upstream:remotename)%00%(upstream:remoteref) refs/heads/main refs/remotes/main [14ms]
2026-07-25 18:44:30.827 [info] > git for-each-ref --sort -committerdate --format %(refname)%00%(objectname)%00%(*objectname) [12ms]
2026-07-25 18:44:30.902 [info] > git status -z -uall [90ms]
2026-07-25 18:44:42.865 [info] > git config --get commit.template [6ms]
2026-07-25 18:44:42.878 [info] > git for-each-ref --format=%(refname)%00%(upstream:short)%00%(objectname)%00%(upstream:track)%00%(upstream:remotename)%00%(upstream:remoteref) refs/heads/main refs/remotes/main [16ms]
2026-07-25 18:44:42.896 [info] > git for-each-ref --sort -committerdate --format %(refname)%00%(objectname)%00%(*objectname) [13ms]
2026-07-25 18:44:43.197 [info] > git status -z -uall [316ms]
2026-07-25 18:44:48.212 [info] > git config --get commit.template [9ms]
2026-07-25 18:44:48.225 [info] > git for-each-ref --format=%(refname)%00%(upstream:short)%00%(objectname)%00%(upstream:track)%00%(upstream:remotename)%00%(upstream:remoteref) refs/heads/main refs/remotes/main [18ms]
2026-07-25 18:44:48.243 [info] > git for-each-ref --sort -committerdate --format %(refname)%00%(objectname)%00%(*objectname) [13ms]
2026-07-25 18:44:48.316 [info] > git status -z -uall [88ms]
2026-07-25 18:44:59.187 [info] > git config --get commit.template [5ms]
2026-07-25 18:44:59.200 [info] > git for-each-ref --format=%(refname)%00%(upstream:short)%00%(objectname)%00%(upstream:track)%00%(upstream:remotename)%00%(upstream:remoteref) refs/heads/main refs/remotes/main [15ms]
2026-07-25 18:44:59.218 [info] > git for-each-ref --sort -committerdate --format %(refname)%00%(objectname)%00%(*objectname) [13ms]
2026-07-25 18:44:59.289 [info] > git status -z -uall [86ms]
2026-07-25 18:45:04.300 [info] > git config --get commit.template [5ms]
2026-07-25 18:45:04.314 [info] > git for-each-ref --format=%(refname)%00%(upstream:short)%00%(objectname)%00%(upstream:track)%00%(upstream:remotename)%00%(upstream:remoteref) refs/heads/main refs/remotes/main [15ms]
2026-07-25 18:45:04.335 [info] > git for-each-ref --sort -committerdate --format %(refname)%00%(objectname)%00%(*objectname) [13ms]
2026-07-25 18:45:04.410 [info] > git status -z -uall [91ms]
2026-07-25 18:45:09.421 [info] > git config --get commit.template [5ms]
2026-07-25 18:45:09.434 [info] > git for-each-ref --format=%(refname)%00%(upstream:short)%00%(objectname)%00%(upstream:track)%00%(upstream:remotename)%00%(upstream:remoteref) refs/heads/main refs/remotes/main [15ms]
2026-07-25 18:45:09.455 [info] > git for-each-ref --sort -committerdate --format %(refname)%00%(objectname)%00%(*objectname) [14ms]
2026-07-25 18:45:09.531 [info] > git status -z -uall [92ms]
2026-07-25 18:45:17.404 [info] > git config --get commit.template [6ms]
2026-07-25 18:45:17.417 [info] > git for-each-ref --format=%(refname)%00%(upstream:short)%00%(objectname)%00%(upstream:track)%00%(upstream:remotename)%00%(upstream:remoteref) refs/heads/main refs/remotes/main [15ms]
2026-07-25 18:45:17.439 [info] > git for-each-ref --sort -committerdate --format %(refname)%00%(objectname)%00%(*objectname) [16ms]
2026-07-25 18:45:17.513 [info] > git status -z -uall [92ms]
2026-07-25 18:45:31.931 [info] > git config --get commit.template [6ms]
2026-07-25 18:45:31.944 [info] > git for-each-ref --format=%(refname)%00%(upstream:short)%00%(objectname)%00%(upstream:track)%00%(upstream:remotename)%00%(upstream:remoteref) refs/heads/main refs/remotes/main [15ms]
2026-07-25 18:45:31.962 [info] > git for-each-ref --sort -committerdate --format %(refname)%00%(objectname)%00%(*objectname) [13ms]
2026-07-25 18:45:32.037 [info] > git status -z -uall [90ms]
2026-07-25 18:45:37.048 [info] > git config --get commit.template [5ms]
2026-07-25 18:45:37.061 [info] > git for-each-ref --format=%(refname)%00%(upstream:short)%00%(objectname)%00%(upstream:track)%00%(upstream:remotename)%00%(upstream:remoteref) refs/heads/main refs/remotes/main [15ms]
2026-07-25 18:45:37.080 [info] > git for-each-ref --sort -committerdate --format %(refname)%00%(objectname)%00%(*objectname) [13ms]
2026-07-25 18:45:37.152 [info] > git status -z -uall [87ms]
2026-07-25 18:45:45.147 [info] > git config --get commit.template [6ms]
2026-07-25 18:45:45.160 [info] > git for-each-ref --format=%(refname)%00%(upstream:short)%00%(objectname)%00%(upstream:track)%00%(upstream:remotename)%00%(upstream:remoteref) refs/heads/main refs/remotes/main [16ms]
2026-07-25 18:45:45.184 [info] > git for-each-ref --sort -committerdate --format %(refname)%00%(objectname)%00%(*objectname) [16ms]
2026-07-25 18:45:45.480 [info] > git status -z -uall [315ms]
2026-07-25 18:45:50.497 [info] > git config --get commit.template [8ms]
2026-07-25 18:45:50.510 [info] > git for-each-ref --format=%(refname)%00%(upstream:short)%00%(objectname)%00%(upstream:track)%00%(upstream:remotename)%00%(upstream:remoteref) refs/heads/main refs/remotes/main [14ms]
2026-07-25 18:45:50.530 [info] > git for-each-ref --sort -committerdate --format %(refname)%00%(objectname)%00%(*objectname) [14ms]
2026-07-25 18:45:50.604 [info] > git status -z -uall [89ms]
2026-07-25 18:45:58.253 [info] > git config --get commit.template [5ms]
2026-07-25 18:45:58.266 [info] > git for-each-ref --format=%(refname)%00%(upstream:short)%00%(objectname)%00%(upstream:track)%00%(upstream:remotename)%00%(upstream:remoteref) refs/heads/main refs/remotes/main [15ms]
2026-07-25 18:45:58.286 [info] > git for-each-ref --sort -committerdate --format %(refname)%00%(objectname)%00%(*objectname) [14ms]
2026-07-25 18:45:58.357 [info] > git status -z -uall [87ms]
2026-07-25 18:46:06.189 [info] > git check-ignore -v -z --stdin [10ms]
2026-07-25 18:46:07.626 [info] > git config --get commit.template [5ms]
2026-07-25 18:46:07.639 [info] > git for-each-ref --format=%(refname)%00%(upstream:short)%00%(objectname)%00%(upstream:track)%00%(upstream:remotename)%00%(upstream:remoteref) refs/heads/main refs/remotes/main [15ms]
2026-07-25 18:46:07.657 [info] > git for-each-ref --sort -committerdate --format %(refname)%00%(objectname)%00%(*objectname) [13ms]
2026-07-25 18:46:07.733 [info] > git status -z -uall [91ms]
2026-07-25 18:46:12.743 [info] > git config --get commit.template [5ms]
2026-07-25 18:46:12.755 [info] > git for-each-ref --format=%(refname)%00%(upstream:short)%00%(objectname)%00%(upstream:track)%00%(upstream:remotename)%00%(upstream:remoteref) refs/heads/main refs/remotes/main [14ms]
2026-07-25 18:46:12.775 [info] > git for-each-ref --sort -committerdate --format %(refname)%00%(objectname)%00%(*objectname) [13ms]
2026-07-25 18:46:12.844 [info] > git status -z -uall [86ms]
2026-07-25 18:46:17.856 [info] > git config --get commit.template [6ms]
2026-07-25 18:46:17.868 [info] > git for-each-ref --format=%(refname)%00%(upstream:short)%00%(objectname)%00%(upstream:track)%00%(upstream:remotename)%00%(upstream:remoteref) refs/heads/main refs/remotes/main [15ms]
2026-07-25 18:46:17.889 [info] > git for-each-ref --sort -committerdate --format %(refname)%00%(objectname)%00%(*objectname) [15ms]
2026-07-25 18:46:17.971 [info] > git status -z -uall [99ms]
2026-07-25 18:46:21.260 [info] > git check-ignore -v -z --stdin [10ms]
2026-07-25 18:46:22.982 [info] > git config --get commit.template [5ms]
2026-07-25 18:46:22.995 [info] > git for-each-ref --format=%(refname)%00%(upstream:short)%00%(objectname)%00%(upstream:track)%00%(upstream:remotename)%00%(upstream:remoteref) refs/heads/main refs/remotes/main [15ms]
2026-07-25 18:46:23.014 [info] > git for-each-ref --sort -committerdate --format %(refname)%00%(objectname)%00%(*objectname) [13ms]
2026-07-25 18:46:23.095 [info] > git status -z -uall [96ms]
2026-07-25 18:46:25.403 [info] > git check-ignore -v -z --stdin [10ms]
2026-07-25 18:46:26.742 [info] > git show --textconv :Knowledge_Hands_on/logs/pipeline.log [7ms]
2026-07-25 18:46:26.750 [info] > git ls-files --stage -- Knowledge_Hands_on/logs/pipeline.log [13ms]
2026-07-25 18:46:26.757 [info] > git hash-object -t tree /dev/null [12ms]
2026-07-25 18:46:26.758 [warning] [GitFileSystemProvider][readFile] File not found - git:/voc/work/Knowledge_Hands_on/logs/pipeline.log.git?%7B%22path%22%3A%22%2Fvoc%2Fwork%2FKnowledge_Hands_on%2Flogs%2Fpipeline.log%22%2C%22ref%22%3A%22%22%7D
2026-07-25 18:46:26.765 [info] > git hash-object -t tree /dev/null [12ms]
2026-07-25 18:46:26.771 [warning] [GitFileSystemProvider][stat] File not found - git:/voc/work/Knowledge_Hands_on/logs/pipeline.log.git?%7B%22path%22%3A%22%2Fvoc%2Fwork%2FKnowledge_Hands_on%2Flogs%2Fpipeline.log%22%2C%22ref%22%3A%22%22%7D
2026-07-25 18:46:28.107 [info] > git config --get commit.template [5ms]
2026-07-25 18:46:28.119 [info] > git for-each-ref --format=%(refname)%00%(upstream:short)%00%(objectname)%00%(upstream:track)%00%(upstream:remotename)%00%(upstream:remoteref) refs/heads/main refs/remotes/main [15ms]
2026-07-25 18:46:28.137 [info] > git for-each-ref --sort -committerdate --format %(refname)%00%(objectname)%00%(*objectname) [13ms]
2026-07-25 18:46:28.204 [info] > git status -z -uall [82ms]
2026-07-25 18:46:33.215 [info] > git config --get commit.template [6ms]
2026-07-25 18:46:33.228 [info] > git for-each-ref --format=%(refname)%00%(upstream:short)%00%(objectname)%00%(upstream:track)%00%(upstream:remotename)%00%(upstream:remoteref) refs/heads/main refs/remotes/main [15ms]
2026-07-25 18:46:33.249 [info] > git for-each-ref --sort -committerdate --format %(refname)%00%(objectname)%00%(*objectname) [16ms]
2026-07-25 18:46:33.326 [info] > git status -z -uall [95ms]
2026-07-25 18:46:38.337 [info] > git config --get commit.template [6ms]
2026-07-25 18:46:38.351 [info] > git for-each-ref --format=%(refname)%00%(upstream:short)%00%(objectname)%00%(upstream:track)%00%(upstream:remotename)%00%(upstream:remoteref) refs/heads/main refs/remotes/main [16ms]
2026-07-25 18:46:38.375 [info] > git for-each-ref --sort -committerdate --format %(refname)%00%(objectname)%00%(*objectname) [16ms]
2026-07-25 18:46:38.449 [info] > git status -z -uall [93ms]
2026-07-25 18:46:43.462 [info] > git config --get commit.template [6ms]
2026-07-25 18:46:43.476 [info] > git for-each-ref --format=%(refname)%00%(upstream:short)%00%(objectname)%00%(upstream:track)%00%(upstream:remotename)%00%(upstream:remoteref) refs/heads/main refs/remotes/main [17ms]
2026-07-25 18:46:43.500 [info] > git for-each-ref --sort -committerdate --format %(refname)%00%(objectname)%00%(*objectname) [16ms]
2026-07-25 18:46:43.572 [info] > git status -z -uall [92ms]
2026-07-25 18:46:47.639 [info] > git config --get commit.template [6ms]
2026-07-25 18:46:47.652 [info] > git for-each-ref --format=%(refname)%00%(upstream:short)%00%(objectname)%00%(upstream:track)%00%(upstream:remotename)%00%(upstream:remoteref) refs/heads/main refs/remotes/main [17ms]
2026-07-25 18:46:47.675 [info] > git for-each-ref --sort -committerdate --format %(refname)%00%(objectname)%00%(*objectname) [15ms]
2026-07-25 18:46:47.777 [info] > git status -z -uall [119ms]
2026-07-25 18:46:48.583 [info] > git config --get commit.template [6ms]
2026-07-25 18:46:48.598 [info] > git for-each-ref --format=%(refname)%00%(upstream:short)%00%(objectname)%00%(upstream:track)%00%(upstream:remotename)%00%(upstream:remoteref) refs/heads/main refs/remotes/main [18ms]
2026-07-25 18:46:48.620 [info] > git for-each-ref --sort -committerdate --format %(refname)%00%(objectname)%00%(*objectname) [14ms]
2026-07-25 18:46:48.718 [info] > git status -z -uall [114ms]
2026-07-25 18:46:53.729 [info] > git config --get commit.template [5ms]
2026-07-25 18:46:53.742 [info] > git for-each-ref --format=%(refname)%00%(upstream:short)%00%(objectname)%00%(upstream:track)%00%(upstream:remotename)%00%(upstream:remoteref) refs/heads/main refs/remotes/main [15ms]
2026-07-25 18:46:53.768 [info] > git for-each-ref --sort -committerdate --format %(refname)%00%(objectname)%00%(*objectname) [18ms]
2026-07-25 18:46:53.872 [info] > git status -z -uall [125ms]
2026-07-25 18:46:58.884 [info] > git config --get commit.template [6ms]
2026-07-25 18:46:58.898 [info] > git for-each-ref --format=%(refname)%00%(upstream:short)%00%(objectname)%00%(upstream:track)%00%(upstream:remotename)%00%(upstream:remoteref) refs/heads/main refs/remotes/main [16ms]
2026-07-25 18:46:58.917 [info] > git for-each-ref --sort -committerdate --format %(refname)%00%(objectname)%00%(*objectname) [13ms]
2026-07-25 18:46:59.008 [info] > git status -z -uall [106ms]
