2026-07-26 06:34:06.749 [info] semantic_tokens_full file:///voc/work/Knowledge_Hands_on/ui/app.py 
2026-07-26 06:34:06.752 [info] semantic_tokens_range file:///voc/work/Knowledge_Hands_on/ui/app.py 0:0-44:0
2026-07-26 06:34:06.894 [info] [Debug - 6:34:06 AM] no definitions found for name "set_page_config" of type 'statement' (13:3)
2026-07-26 06:34:06.895 [info] [Debug - 6:34:06 AM] no definitions found for name "page_title" of type 'statement' (13:19)
2026-07-26 06:34:06.898 [info] [Debug - 6:34:06 AM] no definitions found for name "page_icon" of type 'statement' (13:46)
2026-07-26 06:34:06.898 [info] [Debug - 6:34:06 AM] no definitions found for name "layout" of type 'statement' (13:61)
2026-07-26 06:34:09.674 [info] [Debug - 6:34:09 AM] no definitions found for name "title" of type 'statement' (14:3)
2026-07-26 06:34:09.676 [info] [Debug - 6:34:09 AM] no definitions found for name "caption" of type 'statement' (15:3)
2026-07-26 06:34:09.677 [info] [Debug - 6:34:09 AM] no definitions found for name "form" of type 'statement' (17:8)
2026-07-26 06:34:09.678 [info] [Debug - 6:34:09 AM] no definitions found for name "key" of type 'statement' (17:13)
2026-07-26 06:34:09.678 [info] [Debug - 6:34:09 AM] no definitions found for name "clear_on_submit" of type 'statement' (17:29)
2026-07-26 06:34:09.678 [info] [Debug - 6:34:09 AM] no definitions found for name "placeholder" of type 'statement' (20:8)
2026-07-26 06:34:09.717 [info] [Debug - 6:34:09 AM] no definitions found for name "stream" of type 'statement' (31:12)
2026-07-26 06:34:09.717 [info] [Debug - 6:34:09 AM] no definitions found for name "timeout" of type 'statement' (32:12)
2026-07-26 06:34:09.853 [info] [Debug - 6:34:09 AM] no definitions found for name "markdown" of type 'statement' (38:32)
2026-07-26 06:34:10.888 [info] [Debug - 6:34:10 AM] no definitions found for name "text_input" of type 'statement' (18:18)
2026-07-26 06:34:10.888 [info] [Debug - 6:34:10 AM] no definitions found for name "placeholder" of type 'statement' (20:8)
2026-07-26 06:34:10.889 [info] [Debug - 6:34:10 AM] no definitions found for name "form_submit_button" of type 'statement' (22:19)
2026-07-26 06:34:10.893 [info] [Debug - 6:34:10 AM] no definitions found for name "empty" of type 'statement' (25:21)
2026-07-26 06:34:10.893 [info] [Debug - 6:34:10 AM] no definitions found for name "stream" of type 'statement' (31:12)
2026-07-26 06:34:10.893 [info] [Debug - 6:34:10 AM] no definitions found for name "timeout" of type 'statement' (32:12)
2026-07-26 06:34:10.899 [info] [Debug - 6:34:10 AM] no definitions found for name "markdown" of type 'statement' (38:32)
2026-07-26 06:34:10.902 [info] [Debug - 6:34:10 AM] no definitions found for name "error" of type 'statement' (40:11)
2026-07-26 06:34:10.903 [info] [Debug - 6:34:10 AM] no definitions found for name "error" of type 'statement' (42:11)
2026-07-26 06:34:10.907 [info] [Debug - 6:34:10 AM] no definitions found for name "error" of type 'statement' (44:11)
