2026-07-25 17:01:15.083 [info] Reading sessions from keychain...
2026-07-25 17:01:15.083 [info] Got stored sessions!
2026-07-25 17:01:15.083 [info] Got 1 verified sessions.
2026-07-25 17:01:15.083 [info] Getting sessions for all scopes...
2026-07-25 17:01:15.083 [info] Got 1 sessions for ...
2026-07-25 17:01:15.087 [info] Getting sessions for all scopes...
2026-07-25 17:01:15.087 [info] Got 1 sessions for ...
2026-07-25 17:01:15.087 [info] Getting sessions for all scopes...
2026-07-25 17:01:15.087 [info] Got 1 sessions for ...
2026-07-25 17:01:15.342 [info] Getting sessions for all scopes...
2026-07-25 17:01:15.342 [info] Got 1 sessions for ...
2026-07-25 17:01:15.342 [info] Getting sessions for all scopes...
2026-07-25 17:01:15.342 [info] Got 1 sessions for ...
2026-07-25 17:01:15.344 [info] Getting sessions for read:user,repo,user:email,workflow...
2026-07-25 17:01:15.346 [info] Got 1 sessions for read:user,repo,user:email,workflow...
2026-07-25 17:04:40.889 [info] Getting sessions for read:user,repo,user:email,workflow...
2026-07-25 17:04:40.890 [info] Got 1 sessions for read:user,repo,user:email,workflow...
2026-07-25 17:12:49.311 [info] Getting sessions for read:user,repo,user:email,workflow...
2026-07-25 17:12:49.312 [info] Got 1 sessions for read:user,repo,user:email,workflow...
2026-07-25 17:18:59.434 [info] Getting sessions for read:user,repo,user:email,workflow...
2026-07-25 17:18:59.435 [info] Got 1 sessions for read:user,repo,user:email,workflow...
