2026-07-25 14:43:08.161 [info] Reading sessions from keychain...
2026-07-25 14:43:08.161 [info] Getting sessions for all scopes...
2026-07-25 14:43:08.161 [info] Got 0 sessions for ...
2026-07-25 14:43:08.161 [info] Getting sessions for all scopes...
2026-07-25 14:43:08.161 [info] Got 0 sessions for ...
2026-07-25 14:43:08.161 [info] Getting sessions for all scopes...
2026-07-25 14:43:08.161 [info] Got 0 sessions for ...
2026-07-25 14:43:08.161 [info] Getting sessions for all scopes...
2026-07-25 14:43:08.161 [info] Got 0 sessions for ...
2026-07-25 14:43:08.161 [info] Getting sessions for all scopes...
2026-07-25 14:43:08.161 [info] Got 0 sessions for ...
2026-07-25 14:43:08.560 [info] Getting sessions for read:user,repo,user:email,workflow...
2026-07-25 14:43:08.560 [info] Got 0 sessions for read:user,repo,user:email,workflow...
2026-07-25 14:43:09.857 [info] Getting sessions for read:user,repo,user:email,workflow...
2026-07-25 14:43:09.857 [info] Got 0 sessions for read:user,repo,user:email,workflow...
2026-07-25 14:43:13.079 [info] Logging in with 'any' account...
2026-07-25 14:43:13.080 [info] Logging in for the following scopes: read:user repo user:email workflow
2026-07-25 14:43:13.631 [info] Trying device code flow... (read:user repo user:email workflow)
2026-07-25 14:43:50.453 [info] Getting user info...
2026-07-25 14:43:50.976 [info] Got account info!
2026-07-25 14:43:50.976 [info] Storing 1 sessions...
2026-07-25 14:43:51.257 [info] Reading sessions from keychain...
2026-07-25 14:43:51.257 [info] Stored 1 sessions!
2026-07-25 14:43:51.257 [info] Login success!
2026-07-25 14:43:51.531 [info] Got stored sessions!
2026-07-25 14:43:51.531 [info] Got 1 verified sessions.
2026-07-25 14:43:52.067 [info] Getting sessions for read:user,repo,user:email,workflow...
2026-07-25 14:43:52.067 [info] Got 1 sessions for read:user,repo,user:email,workflow...
