2026-07-25 18:23:56.009 [info] Telemetry level is off
2026-07-25 18:23:56.009 [info] Experiments are disabled, only manually opted experiments are active.
2026-07-25 18:23:56.013 [warning] Dir "/voc/work/.pixi/envs" is not watchable (directory does not exist)
2026-07-25 18:23:56.013 [info] Starting Environment refresh
2026-07-25 18:23:56.013 [info] Searching for interpreters in posix paths locator
2026-07-25 18:23:56.013 [info] Searching for pyenv environments
2026-07-25 18:23:56.013 [info] Searching for conda environments
2026-07-25 18:23:56.013 [info] Searching for global virtual environments
2026-07-25 18:23:56.013 [info] Searching for custom virtual environments
2026-07-25 18:23:56.013 [info] Skipping ActivatedEnv Detection:  process.env.VSCODE_CLI !== '1'
2026-07-25 18:23:56.013 [info] Skipping ActivatedEnv Detection:  process.env.VSCODE_CLI !== '1'
2026-07-25 18:23:56.013 [info] pyenv is not installed
2026-07-25 18:23:56.013 [info] Finished searching for pyenv environments: 10 milliseconds
2026-07-25 18:23:56.013 [info] Finished searching for custom virtual envs: 9 milliseconds
2026-07-25 18:23:56.013 [info] > conda info --json
2026-07-25 18:23:56.013 [info] > hatch env show --json
2026-07-25 18:23:56.013 [info] cwd: .
2026-07-25 18:23:56.013 [info] > pyenv which python
2026-07-25 18:23:56.013 [info] cwd: .
2026-07-25 18:23:56.013 [info] Finished searching for global virtual envs: 23 milliseconds
2026-07-25 18:23:56.013 [info] Found: /bin/python --> /bin/python3.10
2026-07-25 18:23:56.013 [info] Found: /bin/python3 --> /bin/python3.10
2026-07-25 18:23:56.013 [info] Found: /bin/python3.10 --> /bin/python3.10
2026-07-25 18:23:56.013 [info] Found: /bin/python3.8 --> /bin/python3.8
2026-07-25 18:23:56.038 [info] Found: /usr/bin/python --> /usr/bin/python3.10
2026-07-25 18:23:56.040 [info] Found: /usr/bin/python3 --> /usr/bin/python3.10
2026-07-25 18:23:56.042 [info] Found: /usr/bin/python3.10 --> /usr/bin/python3.10
2026-07-25 18:23:56.046 [info] Found: /usr/bin/python3.8 --> /usr/bin/python3.8
2026-07-25 18:23:56.065 [info] > /bin/python -I /usr/local/lib/code-server-4.103.2/lib/vscode/extensions/ms-python.python-2025.12.0/python_files/get_output_via_markers.py /usr/local/lib/code-server-4.103.2/lib/vscode/extensions/ms-python.python-2025.12.0/python_files/interpreterInfo.py
2026-07-25 18:23:56.073 [info] > /bin/python3.8 -I /usr/local/lib/code-server-4.103.2/lib/vscode/extensions/ms-python.python-2025.12.0/python_files/get_output_via_markers.py /usr/local/lib/code-server-4.103.2/lib/vscode/extensions/ms-python.python-2025.12.0/python_files/interpreterInfo.py
2026-07-25 18:23:56.078 [info] Finished searching for interpreters in posix paths locator: 117 milliseconds
2026-07-25 18:23:56.085 [info] Environments refresh paths discovered (event): 124 milliseconds
2026-07-25 18:23:56.085 [info] Environments refresh paths discovered: 124 milliseconds
2026-07-25 18:23:56.096 [info] > /usr/bin/python -I /usr/local/lib/code-server-4.103.2/lib/vscode/extensions/ms-python.python-2025.12.0/python_files/get_output_via_markers.py /usr/local/lib/code-server-4.103.2/lib/vscode/extensions/ms-python.python-2025.12.0/python_files/interpreterInfo.py
2026-07-25 18:23:56.102 [info] > /usr/bin/python3.8 -I /usr/local/lib/code-server-4.103.2/lib/vscode/extensions/ms-python.python-2025.12.0/python_files/get_output_via_markers.py /usr/local/lib/code-server-4.103.2/lib/vscode/extensions/ms-python.python-2025.12.0/python_files/interpreterInfo.py
2026-07-25 18:23:56.125 [info] Environments refresh finished (event): 164 milliseconds
2026-07-25 18:23:56.132 [info] Environment refresh took 171 milliseconds
2026-07-25 18:23:56.137 [info] Python interpreter path: /bin/python
2026-07-25 18:23:58.722 [info] Starting Jedi language server for work.
2026-07-25 18:30:12.123 [info] Discover tests for workspace name: work - uri: /voc/work/Knowledge_Hands_on/src/pipeline/settings.py
2026-07-25 18:30:14.166 [info] Discover tests for workspace name: work - uri: /voc/work/Knowledge_Hands_on/src/pipeline/settings.py
2026-07-25 18:44:29.782 [info] Discover tests for workspace name: work - uri: /voc/work/Knowledge_Hands_on/src/pipeline/pipeline.py
2026-07-25 18:44:31.658 [info] Discover tests for workspace name: work - uri: /voc/work/Knowledge_Hands_on/src/pipeline/pipeline.py
2026-07-25 18:52:34.944 [info] Discover tests for workspace name: work - uri: /voc/work/Knowledge_Hands_on/src/pipeline/settings.py
2026-07-25 19:00:59.978 [info] Discover tests for workspace name: work - uri: /voc/work/Knowledge_Hands_on/practice_examples/week03/streaming_demo.py
