2026-07-26 06:34:04.190 [info] [main] Log level: Info
2026-07-26 06:34:04.190 [info] [main] Validating found git in: "git"
2026-07-26 06:34:04.190 [info] [main] Using git "2.25.1" from "git"
2026-07-26 06:34:04.190 [info] [Model][doInitialScan] Initial repository scan started
2026-07-26 06:34:04.190 [info] > git rev-parse --show-toplevel [17ms]
2026-07-26 06:34:04.190 [info] > git rev-parse --git-dir --git-common-dir --show-superproject-working-tree [11ms]
2026-07-26 06:34:04.190 [info] [Model][openRepository] Opened repository (path): /voc/work
2026-07-26 06:34:04.190 [info] [Model][openRepository] Opened repository (real path): /voc/work
2026-07-26 06:34:04.190 [info] [Model][openRepository] Opened repository (kind): repository
2026-07-26 06:34:04.190 [info] > git config --get commit.template [7ms]
2026-07-26 06:34:04.190 [info] > git rev-parse --show-toplevel [11ms]
2026-07-26 06:34:04.190 [info] > git rev-parse --show-toplevel [9ms]
2026-07-26 06:34:04.190 [info] > git rev-parse --show-toplevel [9ms]
2026-07-26 06:34:04.190 [info] > git rev-parse --show-toplevel [10ms]
2026-07-26 06:34:04.190 [info] > git for-each-ref --format=%(refname)%00%(upstream:short)%00%(objectname)%00%(upstream:track)%00%(upstream:remotename)%00%(upstream:remoteref) refs/heads/main refs/remotes/main [40ms]
2026-07-26 06:34:04.190 [info] > git rev-parse --show-toplevel [10ms]
2026-07-26 06:34:04.190 [info] > git rev-parse --show-toplevel [8ms]
2026-07-26 06:34:04.190 [info] > git for-each-ref --sort -committerdate --format %(refname)%00%(objectname)%00%(*objectname) [20ms]
2026-07-26 06:34:04.190 [info] > git rev-parse --show-toplevel [10ms]
2026-07-26 06:34:04.190 [info] > git rev-parse --show-toplevel [11ms]
2026-07-26 06:34:04.190 [info] > git rev-parse --show-toplevel [10ms]
2026-07-26 06:34:04.190 [info] > git rev-parse --show-toplevel [12ms]
2026-07-26 06:34:04.190 [info] > git rev-parse --show-toplevel [8ms]
2026-07-26 06:34:04.190 [info] > git rev-parse --show-toplevel [9ms]
2026-07-26 06:34:04.190 [info] > git rev-parse --show-toplevel [10ms]
2026-07-26 06:34:04.190 [info] > git rev-parse --show-toplevel [11ms]
2026-07-26 06:34:04.190 [info] [Model][doInitialScan] Initial repository scan completed - repositories (1), closed repositories (0), parent repositories (0), unsafe repositories (0)
2026-07-26 06:34:04.718 [info] > git status -z -uall [749ms]
2026-07-26 06:34:04.748 [info] > git config --get commit.template [8ms]
2026-07-26 06:34:04.762 [info] > git for-each-ref --format=%(refname)%00%(upstream:short)%00%(objectname)%00%(upstream:track)%00%(upstream:remotename)%00%(upstream:remoteref) refs/heads/main refs/remotes/main [27ms]
2026-07-26 06:34:04.769 [info] > git for-each-ref --format=%(refname)%00%(upstream:short)%00%(objectname)%00%(upstream:track)%00%(upstream:remotename)%00%(upstream:remoteref) refs/heads/main refs/remotes/main [27ms]
2026-07-26 06:34:04.776 [info] > git config --get --local branch.main.vscode-merge-base [11ms]
2026-07-26 06:34:04.776 [warning] [Git][config] git config failed: Failed to execute git
2026-07-26 06:34:04.795 [info] > git for-each-ref --sort -committerdate --format %(refname)%00%(objectname)%00%(*objectname) [20ms]
2026-07-26 06:34:04.837 [info] > git reflog main --grep-reflog=branch: Created from *. [59ms]
2026-07-26 06:34:04.855 [info] > git symbolic-ref --short refs/remotes/origin/HEAD [16ms]
2026-07-26 06:34:04.855 [info] fatal: ref refs/remotes/origin/HEAD is not a symbolic ref
2026-07-26 06:34:04.855 [warning] [Repository][getDefaultBranch] Failed to get default branch details: Failed to execute git.
2026-07-26 06:34:04.878 [info] > git merge-base refs/heads/main refs/remotes/origin/main [21ms]
2026-07-26 06:34:04.910 [info] > git diff --name-status -z --diff-filter=ADMR 91e16c995238d13ef3815799068183f7cad0e8cd...refs/remotes/origin/main [29ms]
2026-07-26 06:34:04.914 [info] > git status -z -uall [141ms]
2026-07-26 06:34:05.370 [info] > git check-ignore -v -z --stdin [13ms]
2026-07-26 06:34:06.348 [info] > git ls-files --stage -- Knowledge_Hands_on/ui/app.py [15ms]
2026-07-26 06:34:06.361 [info] > git show --textconv :Knowledge_Hands_on/ui/app.py [30ms]
2026-07-26 06:34:06.372 [info] > git cat-file -s 83615fc8e15d1727f2d1ff2c4bc0da5c65bcc398 [22ms]
2026-07-26 06:34:07.126 [info] > git blame --root --incremental 91e16c995238d13ef3815799068183f7cad0e8cd -- Knowledge_Hands_on/ui/app.py [179ms]
2026-07-26 06:34:38.385 [info] > git check-ignore -v -z --stdin [23ms]
2026-07-26 06:36:44.787 [info] > git check-ignore -v -z --stdin [23ms]
2026-07-26 06:36:51.113 [info] > git config --get commit.template [8ms]
2026-07-26 06:36:51.138 [info] > git for-each-ref --format=%(refname)%00%(upstream:short)%00%(objectname)%00%(upstream:track)%00%(upstream:remotename)%00%(upstream:remoteref) refs/heads/main refs/remotes/main [31ms]
2026-07-26 06:36:51.166 [info] > git for-each-ref --sort -committerdate --format %(refname)%00%(objectname)%00%(*objectname) [21ms]
2026-07-26 06:36:51.699 [info] > git status -z -uall [557ms]
2026-07-26 06:36:53.392 [info] > git show --textconv :Knowledge_Hands_on/logs/pipeline.log [11ms]
2026-07-26 06:36:53.396 [info] > git ls-files --stage -- Knowledge_Hands_on/logs/pipeline.log [13ms]
2026-07-26 06:36:53.404 [info] > git hash-object -t tree /dev/null [8ms]
2026-07-26 06:36:53.404 [warning] [GitFileSystemProvider][readFile] File not found - git:/voc/work/Knowledge_Hands_on/logs/pipeline.log.git?%7B%22path%22%3A%22%2Fvoc%2Fwork%2FKnowledge_Hands_on%2Flogs%2Fpipeline.log%22%2C%22ref%22%3A%22%22%7D
2026-07-26 06:36:53.408 [info] > git hash-object -t tree /dev/null [10ms]
2026-07-26 06:36:53.411 [warning] [GitFileSystemProvider][stat] File not found - git:/voc/work/Knowledge_Hands_on/logs/pipeline.log.git?%7B%22path%22%3A%22%2Fvoc%2Fwork%2FKnowledge_Hands_on%2Flogs%2Fpipeline.log%22%2C%22ref%22%3A%22%22%7D
2026-07-26 06:36:56.715 [info] > git config --get commit.template [7ms]
2026-07-26 06:36:56.733 [info] > git for-each-ref --format=%(refname)%00%(upstream:short)%00%(objectname)%00%(upstream:track)%00%(upstream:remotename)%00%(upstream:remoteref) refs/heads/main refs/remotes/main [22ms]
2026-07-26 06:36:56.758 [info] > git for-each-ref --sort -committerdate --format %(refname)%00%(objectname)%00%(*objectname) [18ms]
2026-07-26 06:36:56.908 [info] > git status -z -uall [170ms]
2026-07-26 06:37:01.926 [info] > git config --get commit.template [9ms]
2026-07-26 06:37:01.951 [info] > git for-each-ref --format=%(refname)%00%(upstream:short)%00%(objectname)%00%(upstream:track)%00%(upstream:remotename)%00%(upstream:remoteref) refs/heads/main refs/remotes/main [31ms]
2026-07-26 06:37:01.985 [info] > git for-each-ref --sort -committerdate --format %(refname)%00%(objectname)%00%(*objectname) [26ms]
2026-07-26 06:37:02.184 [info] > git status -z -uall [228ms]
2026-07-26 06:37:07.203 [info] > git config --get commit.template [9ms]
2026-07-26 06:37:07.226 [info] > git for-each-ref --format=%(refname)%00%(upstream:short)%00%(objectname)%00%(upstream:track)%00%(upstream:remotename)%00%(upstream:remoteref) refs/heads/main refs/remotes/main [29ms]
2026-07-26 06:37:07.264 [info] > git for-each-ref --sort -committerdate --format %(refname)%00%(objectname)%00%(*objectname) [29ms]
2026-07-26 06:37:07.449 [info] > git status -z -uall [217ms]
2026-07-26 06:37:12.464 [info] > git config --get commit.template [7ms]
2026-07-26 06:37:12.486 [info] > git for-each-ref --format=%(refname)%00%(upstream:short)%00%(objectname)%00%(upstream:track)%00%(upstream:remotename)%00%(upstream:remoteref) refs/heads/main refs/remotes/main [25ms]
2026-07-26 06:37:12.512 [info] > git for-each-ref --sort -committerdate --format %(refname)%00%(objectname)%00%(*objectname) [19ms]
2026-07-26 06:37:12.671 [info] > git status -z -uall [180ms]
2026-07-26 06:37:58.648 [info] > git config --get commit.template [9ms]
2026-07-26 06:37:58.671 [info] > git for-each-ref --format=%(refname)%00%(upstream:short)%00%(objectname)%00%(upstream:track)%00%(upstream:remotename)%00%(upstream:remoteref) refs/heads/main refs/remotes/main [28ms]
2026-07-26 06:37:58.701 [info] > git for-each-ref --sort -committerdate --format %(refname)%00%(objectname)%00%(*objectname) [21ms]
2026-07-26 06:37:59.193 [info] > git status -z -uall [516ms]
2026-07-26 06:38:04.209 [info] > git config --get commit.template [8ms]
2026-07-26 06:38:04.232 [info] > git for-each-ref --format=%(refname)%00%(upstream:short)%00%(objectname)%00%(upstream:track)%00%(upstream:remotename)%00%(upstream:remoteref) refs/heads/main refs/remotes/main [27ms]
2026-07-26 06:38:04.259 [info] > git for-each-ref --sort -committerdate --format %(refname)%00%(objectname)%00%(*objectname) [19ms]
2026-07-26 06:38:04.438 [info] > git status -z -uall [201ms]
2026-07-26 06:38:09.454 [info] > git config --get commit.template [7ms]
2026-07-26 06:38:09.475 [info] > git for-each-ref --format=%(refname)%00%(upstream:short)%00%(objectname)%00%(upstream:track)%00%(upstream:remotename)%00%(upstream:remoteref) refs/heads/main refs/remotes/main [24ms]
2026-07-26 06:38:09.506 [info] > git for-each-ref --sort -committerdate --format %(refname)%00%(objectname)%00%(*objectname) [23ms]
2026-07-26 06:38:09.695 [info] > git status -z -uall [214ms]
2026-07-26 06:38:14.710 [info] > git config --get commit.template [8ms]
2026-07-26 06:38:14.730 [info] > git for-each-ref --format=%(refname)%00%(upstream:short)%00%(objectname)%00%(upstream:track)%00%(upstream:remotename)%00%(upstream:remoteref) refs/heads/main refs/remotes/main [24ms]
2026-07-26 06:38:14.757 [info] > git for-each-ref --sort -committerdate --format %(refname)%00%(objectname)%00%(*objectname) [19ms]
2026-07-26 06:38:14.856 [info] > git status -z -uall [120ms]
